<!doctype html public "-//w3c//dtd html 4.0 transitional//en">
<html><head>
<title>Static Call Graph - [.\Objects\SN32F407_clock.axf]</title></head>
<body><HR>
<H1>Static Call Graph for image .\Objects\SN32F407_clock.axf</H1><HR>
<BR><P>#&#060CALLGRAPH&#062# ARM Linker, 6240002: Last Updated: Wed Apr 22 00:17:22 2026
<BR><P>
<H3>Maximum Stack Usage =        128 bytes + Unknown(Functions without stacksize, Cycles, Untraceable Function Pointers)</H3><H3>
Call chain for Maximum Stack Depth:</H3>
__rt_entry_main &rArr; main &rArr; handle_keys &rArr; on_alarm_set_pressed &rArr; eeprom_save_alarm &rArr; eeprom_write &rArr; I2C_write_byte
<P>
<H3>
Functions with no stack information
</H3><UL>
 <LI><a href="#[20]">__user_initial_stackheap</a>
</UL>
</UL>
<P>
<H3>
Mutually Recursive functions
</H3> <LI><a href="#[1]">NMI_Handler</a>&nbsp;&nbsp;&nbsp;&rArr;&nbsp;&nbsp;&nbsp;<a href="#[1]">NMI_Handler</a><BR>
 <LI><a href="#[3]">SVC_Handler</a>&nbsp;&nbsp;&nbsp;&rArr;&nbsp;&nbsp;&nbsp;<a href="#[3]">SVC_Handler</a><BR>
 <LI><a href="#[4]">PendSV_Handler</a>&nbsp;&nbsp;&nbsp;&rArr;&nbsp;&nbsp;&nbsp;<a href="#[4]">PendSV_Handler</a><BR>
 <LI><a href="#[17]">ADC_IRQHandler</a>&nbsp;&nbsp;&nbsp;&rArr;&nbsp;&nbsp;&nbsp;<a href="#[17]">ADC_IRQHandler</a><BR>
</UL>
<P>
<H3>
Function Pointers
</H3><UL>
 <LI><a href="#[17]">ADC_IRQHandler</a> from startup_sn32f400.o(.text) referenced from startup_sn32f400.o(RESET)
 <LI><a href="#[12]">ATAN_IRQHandler</a> from startup_sn32f400.o(.text) referenced from startup_sn32f400.o(RESET)
 <LI><a href="#[1a]">CMP0_IRQHandler</a> from startup_sn32f400.o(.text) referenced from startup_sn32f400.o(RESET)
 <LI><a href="#[11]">CMP1_IRQHandler</a> from startup_sn32f400.o(.text) referenced from startup_sn32f400.o(RESET)
 <LI><a href="#[b]">CMP2_IRQHandler</a> from startup_sn32f400.o(.text) referenced from startup_sn32f400.o(RESET)
 <LI><a href="#[8]">CMP3_IRQHandler</a> from startup_sn32f400.o(.text) referenced from startup_sn32f400.o(RESET)
 <LI><a href="#[e]">CT16B0_IRQHandler</a> from ct16b0.o(.text.CT16B0_IRQHandler) referenced from startup_sn32f400.o(RESET)
 <LI><a href="#[f]">CT16B1_IRQHandler</a> from ct16b1.o(.text.CT16B1_IRQHandler) referenced from startup_sn32f400.o(RESET)
 <LI><a href="#[14]">CT16B5_IRQHandler</a> from startup_sn32f400.o(.text) referenced from startup_sn32f400.o(RESET)
 <LI><a href="#[13]">DIV_IRQHandler</a> from startup_sn32f400.o(.text) referenced from startup_sn32f400.o(RESET)
 <LI><a href="#[7]">DMA_IRQHandler</a> from startup_sn32f400.o(.text) referenced from startup_sn32f400.o(RESET)
 <LI><a href="#[15]">FOC_IRQHandler</a> from startup_sn32f400.o(.text) referenced from startup_sn32f400.o(RESET)
 <LI><a href="#[2]">HardFault_Handler</a> from main.o(.text.HardFault_Handler) referenced from startup_sn32f400.o(RESET)
 <LI><a href="#[a]">I2C0_IRQHandler</a> from i2c0.o(.text.I2C0_IRQHandler) referenced from startup_sn32f400.o(RESET)
 <LI><a href="#[19]">LVD_IRQHandler</a> from startup_sn32f400.o(.text) referenced from startup_sn32f400.o(RESET)
 <LI><a href="#[6]">NDT_IRQHandler</a> from startup_sn32f400.o(.text) referenced from startup_sn32f400.o(RESET)
 <LI><a href="#[1]">NMI_Handler</a> from startup_sn32f400.o(.text) referenced from startup_sn32f400.o(RESET)
 <LI><a href="#[1e]">P0_IRQHandler</a> from gpio.o(.text.P0_IRQHandler) referenced from startup_sn32f400.o(RESET)
 <LI><a href="#[1d]">P1_IRQHandler</a> from gpio.o(.text.P1_IRQHandler) referenced from startup_sn32f400.o(RESET)
 <LI><a href="#[1c]">P2_IRQHandler</a> from gpio.o(.text.P2_IRQHandler) referenced from startup_sn32f400.o(RESET)
 <LI><a href="#[1b]">P3_IRQHandler</a> from gpio.o(.text.P3_IRQHandler) referenced from startup_sn32f400.o(RESET)
 <LI><a href="#[4]">PendSV_Handler</a> from startup_sn32f400.o(.text) referenced from startup_sn32f400.o(RESET)
 <LI><a href="#[16]">RTC_IRQHandler</a> from startup_sn32f400.o(.text) referenced from startup_sn32f400.o(RESET)
 <LI><a href="#[0]">Reset_Handler</a> from startup_sn32f400.o(.text) referenced from startup_sn32f400.o(RESET)
 <LI><a href="#[9]">SPI0_IRQHandler</a> from startup_sn32f400.o(.text) referenced from startup_sn32f400.o(RESET)
 <LI><a href="#[10]">SQRT_IRQHandler</a> from startup_sn32f400.o(.text) referenced from startup_sn32f400.o(RESET)
 <LI><a href="#[3]">SVC_Handler</a> from startup_sn32f400.o(.text) referenced from startup_sn32f400.o(RESET)
 <LI><a href="#[5]">SysTick_Handler</a> from systick.o(.text.SysTick_Handler) referenced from startup_sn32f400.o(RESET)
 <LI><a href="#[c]">UART0_IRQHandler</a> from startup_sn32f400.o(.text) referenced from startup_sn32f400.o(RESET)
 <LI><a href="#[d]">UART1_IRQHandler</a> from startup_sn32f400.o(.text) referenced from startup_sn32f400.o(RESET)
 <LI><a href="#[18]">WDT_IRQHandler</a> from wdt.o(.text.WDT_IRQHandler) referenced from startup_sn32f400.o(RESET)
 <LI><a href="#[1f]">__main</a> from __main.o(!!!main) referenced from startup_sn32f400.o(.text)
</UL>
<P>
<H3>
Global Symbols
</H3>
<P><STRONG><a name="[1f]"></a>__main</STRONG> (Thumb, 8 bytes, Stack size 0 bytes, __main.o(!!!main))
<BR><BR>[Calls]<UL><LI><a href="#[22]">&gt;&gt;</a>&nbsp;&nbsp;&nbsp;__rt_entry
<LI><a href="#[21]">&gt;&gt;</a>&nbsp;&nbsp;&nbsp;__scatterload
</UL>
<BR>[Address Reference Count : 1]<UL><LI> startup_sn32f400.o(.text)
</UL>
<P><STRONG><a name="[21]"></a>__scatterload</STRONG> (Thumb, 0 bytes, Stack size unknown bytes, __scatter.o(!!!scatter))
<BR><BR>[Called By]<UL><LI><a href="#[1f]">&gt;&gt;</a>&nbsp;&nbsp;&nbsp;__main
</UL>

<P><STRONG><a name="[23]"></a>__scatterload_rt2</STRONG> (Thumb, 74 bytes, Stack size unknown bytes, __scatter.o(!!!scatter), UNUSED)
<BR><BR>[Calls]<UL><LI><a href="#[22]">&gt;&gt;</a>&nbsp;&nbsp;&nbsp;__rt_entry
</UL>

<P><STRONG><a name="[63]"></a>__scatterload_rt2_thumb_only</STRONG> (Thumb, 0 bytes, Stack size unknown bytes, __scatter.o(!!!scatter), UNUSED)

<P><STRONG><a name="[64]"></a>__scatterload_loop</STRONG> (Thumb, 0 bytes, Stack size unknown bytes, __scatter.o(!!!scatter), UNUSED)

<P><STRONG><a name="[65]"></a>__scatterload_null</STRONG> (Thumb, 2 bytes, Stack size unknown bytes, __scatter.o(!!handler_null), UNUSED)

<P><STRONG><a name="[66]"></a>__scatterload_zeroinit</STRONG> (Thumb, 28 bytes, Stack size unknown bytes, __scatter_zi.o(!!handler_zi), UNUSED)

<P><STRONG><a name="[27]"></a>__rt_lib_init</STRONG> (Thumb, 0 bytes, Stack size unknown bytes, libinit.o(.ARM.Collect$$libinit$$00000000))
<BR><BR>[Called By]<UL><LI><a href="#[26]">&gt;&gt;</a>&nbsp;&nbsp;&nbsp;__rt_entry_li
</UL>

<P><STRONG><a name="[67]"></a>__rt_lib_init_alloca_1</STRONG> (Thumb, 0 bytes, Stack size unknown bytes, libinit2.o(.ARM.Collect$$libinit$$00000030))

<P><STRONG><a name="[68]"></a>__rt_lib_init_argv_1</STRONG> (Thumb, 0 bytes, Stack size unknown bytes, libinit2.o(.ARM.Collect$$libinit$$0000002E))

<P><STRONG><a name="[69]"></a>__rt_lib_init_atexit_1</STRONG> (Thumb, 0 bytes, Stack size unknown bytes, libinit2.o(.ARM.Collect$$libinit$$0000001D))

<P><STRONG><a name="[6a]"></a>__rt_lib_init_clock_1</STRONG> (Thumb, 0 bytes, Stack size unknown bytes, libinit2.o(.ARM.Collect$$libinit$$00000023))

<P><STRONG><a name="[6b]"></a>__rt_lib_init_cpp_1</STRONG> (Thumb, 0 bytes, Stack size unknown bytes, libinit2.o(.ARM.Collect$$libinit$$00000034))

<P><STRONG><a name="[6c]"></a>__rt_lib_init_exceptions_1</STRONG> (Thumb, 0 bytes, Stack size unknown bytes, libinit2.o(.ARM.Collect$$libinit$$00000032))

<P><STRONG><a name="[6d]"></a>__rt_lib_init_fp_1</STRONG> (Thumb, 0 bytes, Stack size unknown bytes, libinit2.o(.ARM.Collect$$libinit$$00000002))

<P><STRONG><a name="[6e]"></a>__rt_lib_init_fp_trap_1</STRONG> (Thumb, 0 bytes, Stack size unknown bytes, libinit2.o(.ARM.Collect$$libinit$$00000021))

<P><STRONG><a name="[6f]"></a>__rt_lib_init_getenv_1</STRONG> (Thumb, 0 bytes, Stack size unknown bytes, libinit2.o(.ARM.Collect$$libinit$$00000025))

<P><STRONG><a name="[70]"></a>__rt_lib_init_heap_1</STRONG> (Thumb, 0 bytes, Stack size unknown bytes, libinit2.o(.ARM.Collect$$libinit$$0000000C))

<P><STRONG><a name="[71]"></a>__rt_lib_init_lc_collate_1</STRONG> (Thumb, 0 bytes, Stack size unknown bytes, libinit2.o(.ARM.Collect$$libinit$$00000013))

<P><STRONG><a name="[72]"></a>__rt_lib_init_lc_ctype_1</STRONG> (Thumb, 0 bytes, Stack size unknown bytes, libinit2.o(.ARM.Collect$$libinit$$00000015))

<P><STRONG><a name="[73]"></a>__rt_lib_init_lc_monetary_1</STRONG> (Thumb, 0 bytes, Stack size unknown bytes, libinit2.o(.ARM.Collect$$libinit$$00000017))

<P><STRONG><a name="[74]"></a>__rt_lib_init_lc_numeric_1</STRONG> (Thumb, 0 bytes, Stack size unknown bytes, libinit2.o(.ARM.Collect$$libinit$$00000019))

<P><STRONG><a name="[75]"></a>__rt_lib_init_lc_time_1</STRONG> (Thumb, 0 bytes, Stack size unknown bytes, libinit2.o(.ARM.Collect$$libinit$$0000001B))

<P><STRONG><a name="[76]"></a>__rt_lib_init_preinit_1</STRONG> (Thumb, 0 bytes, Stack size unknown bytes, libinit2.o(.ARM.Collect$$libinit$$00000006))

<P><STRONG><a name="[77]"></a>__rt_lib_init_rand_1</STRONG> (Thumb, 0 bytes, Stack size unknown bytes, libinit2.o(.ARM.Collect$$libinit$$00000010))

<P><STRONG><a name="[78]"></a>__rt_lib_init_relocate_pie_1</STRONG> (Thumb, 0 bytes, Stack size unknown bytes, libinit2.o(.ARM.Collect$$libinit$$00000004))

<P><STRONG><a name="[79]"></a>__rt_lib_init_return</STRONG> (Thumb, 0 bytes, Stack size unknown bytes, libinit2.o(.ARM.Collect$$libinit$$00000035))

<P><STRONG><a name="[7a]"></a>__rt_lib_init_signal_1</STRONG> (Thumb, 0 bytes, Stack size unknown bytes, libinit2.o(.ARM.Collect$$libinit$$0000001F))

<P><STRONG><a name="[7b]"></a>__rt_lib_init_stdio_1</STRONG> (Thumb, 0 bytes, Stack size unknown bytes, libinit2.o(.ARM.Collect$$libinit$$00000027))

<P><STRONG><a name="[7c]"></a>__rt_lib_init_user_alloc_1</STRONG> (Thumb, 0 bytes, Stack size unknown bytes, libinit2.o(.ARM.Collect$$libinit$$0000000E))

<P><STRONG><a name="[2c]"></a>__rt_lib_shutdown</STRONG> (Thumb, 0 bytes, Stack size unknown bytes, libshutdown.o(.ARM.Collect$$libshutdown$$00000000))
<BR><BR>[Called By]<UL><LI><a href="#[2b]">&gt;&gt;</a>&nbsp;&nbsp;&nbsp;__rt_exit_ls
</UL>

<P><STRONG><a name="[7d]"></a>__rt_lib_shutdown_cpp_1</STRONG> (Thumb, 0 bytes, Stack size unknown bytes, libshutdown2.o(.ARM.Collect$$libshutdown$$00000002))

<P><STRONG><a name="[7e]"></a>__rt_lib_shutdown_fp_trap_1</STRONG> (Thumb, 0 bytes, Stack size unknown bytes, libshutdown2.o(.ARM.Collect$$libshutdown$$00000007))

<P><STRONG><a name="[7f]"></a>__rt_lib_shutdown_heap_1</STRONG> (Thumb, 0 bytes, Stack size unknown bytes, libshutdown2.o(.ARM.Collect$$libshutdown$$0000000F))

<P><STRONG><a name="[80]"></a>__rt_lib_shutdown_return</STRONG> (Thumb, 0 bytes, Stack size unknown bytes, libshutdown2.o(.ARM.Collect$$libshutdown$$00000010))

<P><STRONG><a name="[81]"></a>__rt_lib_shutdown_signal_1</STRONG> (Thumb, 0 bytes, Stack size unknown bytes, libshutdown2.o(.ARM.Collect$$libshutdown$$0000000A))

<P><STRONG><a name="[82]"></a>__rt_lib_shutdown_stdio_1</STRONG> (Thumb, 0 bytes, Stack size unknown bytes, libshutdown2.o(.ARM.Collect$$libshutdown$$00000004))

<P><STRONG><a name="[83]"></a>__rt_lib_shutdown_user_alloc_1</STRONG> (Thumb, 0 bytes, Stack size unknown bytes, libshutdown2.o(.ARM.Collect$$libshutdown$$0000000C))

<P><STRONG><a name="[22]"></a>__rt_entry</STRONG> (Thumb, 0 bytes, Stack size unknown bytes, __rtentry.o(.ARM.Collect$$rtentry$$00000000))
<BR><BR>[Called By]<UL><LI><a href="#[1f]">&gt;&gt;</a>&nbsp;&nbsp;&nbsp;__main
<LI><a href="#[23]">&gt;&gt;</a>&nbsp;&nbsp;&nbsp;__scatterload_rt2
</UL>

<P><STRONG><a name="[84]"></a>__rt_entry_presh_1</STRONG> (Thumb, 0 bytes, Stack size unknown bytes, __rtentry2.o(.ARM.Collect$$rtentry$$00000002))

<P><STRONG><a name="[24]"></a>__rt_entry_sh</STRONG> (Thumb, 0 bytes, Stack size unknown bytes, __rtentry4.o(.ARM.Collect$$rtentry$$00000004))
<BR><BR>[Stack]<UL><LI>Max Depth = 8 + Unknown Stack Size
<LI>Call Chain = __rt_entry_sh &rArr; __user_setup_stackheap
</UL>
<BR>[Calls]<UL><LI><a href="#[25]">&gt;&gt;</a>&nbsp;&nbsp;&nbsp;__user_setup_stackheap
</UL>

<P><STRONG><a name="[26]"></a>__rt_entry_li</STRONG> (Thumb, 0 bytes, Stack size unknown bytes, __rtentry2.o(.ARM.Collect$$rtentry$$0000000A))
<BR><BR>[Calls]<UL><LI><a href="#[27]">&gt;&gt;</a>&nbsp;&nbsp;&nbsp;__rt_lib_init
</UL>

<P><STRONG><a name="[85]"></a>__rt_entry_postsh_1</STRONG> (Thumb, 0 bytes, Stack size unknown bytes, __rtentry2.o(.ARM.Collect$$rtentry$$00000009))

<P><STRONG><a name="[28]"></a>__rt_entry_main</STRONG> (Thumb, 0 bytes, Stack size unknown bytes, __rtentry2.o(.ARM.Collect$$rtentry$$0000000D))
<BR><BR>[Stack]<UL><LI>Max Depth = 128 + Unknown Stack Size
<LI>Call Chain = __rt_entry_main &rArr; main &rArr; handle_keys &rArr; on_alarm_set_pressed &rArr; eeprom_save_alarm &rArr; eeprom_write &rArr; I2C_write_byte
</UL>
<BR>[Calls]<UL><LI><a href="#[2a]">&gt;&gt;</a>&nbsp;&nbsp;&nbsp;exit
<LI><a href="#[29]">&gt;&gt;</a>&nbsp;&nbsp;&nbsp;main
</UL>

<P><STRONG><a name="[86]"></a>__rt_entry_postli_1</STRONG> (Thumb, 0 bytes, Stack size unknown bytes, __rtentry2.o(.ARM.Collect$$rtentry$$0000000C))

<P><STRONG><a name="[31]"></a>__rt_exit</STRONG> (Thumb, 0 bytes, Stack size unknown bytes, rtexit.o(.ARM.Collect$$rtexit$$00000000))
<BR><BR>[Called By]<UL><LI><a href="#[2a]">&gt;&gt;</a>&nbsp;&nbsp;&nbsp;exit
</UL>

<P><STRONG><a name="[2b]"></a>__rt_exit_ls</STRONG> (Thumb, 0 bytes, Stack size unknown bytes, rtexit2.o(.ARM.Collect$$rtexit$$00000003))
<BR><BR>[Calls]<UL><LI><a href="#[2c]">&gt;&gt;</a>&nbsp;&nbsp;&nbsp;__rt_lib_shutdown
</UL>

<P><STRONG><a name="[87]"></a>__rt_exit_prels_1</STRONG> (Thumb, 0 bytes, Stack size unknown bytes, rtexit2.o(.ARM.Collect$$rtexit$$00000002))

<P><STRONG><a name="[2d]"></a>__rt_exit_exit</STRONG> (Thumb, 0 bytes, Stack size unknown bytes, rtexit2.o(.ARM.Collect$$rtexit$$00000004))
<BR><BR>[Calls]<UL><LI><a href="#[2e]">&gt;&gt;</a>&nbsp;&nbsp;&nbsp;_sys_exit
</UL>

<P><STRONG><a name="[0]"></a>Reset_Handler</STRONG> (Thumb, 10 bytes, Stack size 0 bytes, startup_sn32f400.o(.text))
<BR>[Address Reference Count : 1]<UL><LI> startup_sn32f400.o(RESET)
</UL>
<P><STRONG><a name="[1]"></a>NMI_Handler</STRONG> (Thumb, 2 bytes, Stack size 0 bytes, startup_sn32f400.o(.text))
<BR><BR>[Calls]<UL><LI><a href="#[1]">&gt;&gt;</a>&nbsp;&nbsp;&nbsp;NMI_Handler
</UL>
<BR>[Called By]<UL><LI><a href="#[1]">&gt;&gt;</a>&nbsp;&nbsp;&nbsp;NMI_Handler
</UL>
<BR>[Address Reference Count : 1]<UL><LI> startup_sn32f400.o(RESET)
</UL>
<P><STRONG><a name="[3]"></a>SVC_Handler</STRONG> (Thumb, 2 bytes, Stack size 0 bytes, startup_sn32f400.o(.text))
<BR><BR>[Calls]<UL><LI><a href="#[3]">&gt;&gt;</a>&nbsp;&nbsp;&nbsp;SVC_Handler
</UL>
<BR>[Called By]<UL><LI><a href="#[3]">&gt;&gt;</a>&nbsp;&nbsp;&nbsp;SVC_Handler
</UL>
<BR>[Address Reference Count : 1]<UL><LI> startup_sn32f400.o(RESET)
</UL>
<P><STRONG><a name="[4]"></a>PendSV_Handler</STRONG> (Thumb, 2 bytes, Stack size 0 bytes, startup_sn32f400.o(.text))
<BR><BR>[Calls]<UL><LI><a href="#[4]">&gt;&gt;</a>&nbsp;&nbsp;&nbsp;PendSV_Handler
</UL>
<BR>[Called By]<UL><LI><a href="#[4]">&gt;&gt;</a>&nbsp;&nbsp;&nbsp;PendSV_Handler
</UL>
<BR>[Address Reference Count : 1]<UL><LI> startup_sn32f400.o(RESET)
</UL>
<P><STRONG><a name="[17]"></a>ADC_IRQHandler</STRONG> (Thumb, 0 bytes, Stack size 0 bytes, startup_sn32f400.o(.text))
<BR><BR>[Calls]<UL><LI><a href="#[17]">&gt;&gt;</a>&nbsp;&nbsp;&nbsp;ADC_IRQHandler
</UL>
<BR>[Called By]<UL><LI><a href="#[17]">&gt;&gt;</a>&nbsp;&nbsp;&nbsp;ADC_IRQHandler
</UL>
<BR>[Address Reference Count : 1]<UL><LI> startup_sn32f400.o(RESET)
</UL>
<P><STRONG><a name="[12]"></a>ATAN_IRQHandler</STRONG> (Thumb, 0 bytes, Stack size 0 bytes, startup_sn32f400.o(.text))
<BR>[Address Reference Count : 1]<UL><LI> startup_sn32f400.o(RESET)
</UL>
<P><STRONG><a name="[1a]"></a>CMP0_IRQHandler</STRONG> (Thumb, 0 bytes, Stack size 0 bytes, startup_sn32f400.o(.text))
<BR>[Address Reference Count : 1]<UL><LI> startup_sn32f400.o(RESET)
</UL>
<P><STRONG><a name="[11]"></a>CMP1_IRQHandler</STRONG> (Thumb, 0 bytes, Stack size 0 bytes, startup_sn32f400.o(.text))
<BR>[Address Reference Count : 1]<UL><LI> startup_sn32f400.o(RESET)
</UL>
<P><STRONG><a name="[b]"></a>CMP2_IRQHandler</STRONG> (Thumb, 0 bytes, Stack size 0 bytes, startup_sn32f400.o(.text))
<BR>[Address Reference Count : 1]<UL><LI> startup_sn32f400.o(RESET)
</UL>
<P><STRONG><a name="[8]"></a>CMP3_IRQHandler</STRONG> (Thumb, 0 bytes, Stack size 0 bytes, startup_sn32f400.o(.text))
<BR>[Address Reference Count : 1]<UL><LI> startup_sn32f400.o(RESET)
</UL>
<P><STRONG><a name="[14]"></a>CT16B5_IRQHandler</STRONG> (Thumb, 0 bytes, Stack size 0 bytes, startup_sn32f400.o(.text))
<BR>[Address Reference Count : 1]<UL><LI> startup_sn32f400.o(RESET)
</UL>
<P><STRONG><a name="[13]"></a>DIV_IRQHandler</STRONG> (Thumb, 0 bytes, Stack size 0 bytes, startup_sn32f400.o(.text))
<BR>[Address Reference Count : 1]<UL><LI> startup_sn32f400.o(RESET)
</UL>
<P><STRONG><a name="[7]"></a>DMA_IRQHandler</STRONG> (Thumb, 0 bytes, Stack size 0 bytes, startup_sn32f400.o(.text))
<BR>[Address Reference Count : 1]<UL><LI> startup_sn32f400.o(RESET)
</UL>
<P><STRONG><a name="[15]"></a>FOC_IRQHandler</STRONG> (Thumb, 0 bytes, Stack size 0 bytes, startup_sn32f400.o(.text))
<BR>[Address Reference Count : 1]<UL><LI> startup_sn32f400.o(RESET)
</UL>
<P><STRONG><a name="[19]"></a>LVD_IRQHandler</STRONG> (Thumb, 0 bytes, Stack size 0 bytes, startup_sn32f400.o(.text))
<BR>[Address Reference Count : 1]<UL><LI> startup_sn32f400.o(RESET)
</UL>
<P><STRONG><a name="[6]"></a>NDT_IRQHandler</STRONG> (Thumb, 0 bytes, Stack size 0 bytes, startup_sn32f400.o(.text))
<BR>[Address Reference Count : 1]<UL><LI> startup_sn32f400.o(RESET)
</UL>
<P><STRONG><a name="[16]"></a>RTC_IRQHandler</STRONG> (Thumb, 0 bytes, Stack size 0 bytes, startup_sn32f400.o(.text))
<BR>[Address Reference Count : 1]<UL><LI> startup_sn32f400.o(RESET)
</UL>
<P><STRONG><a name="[9]"></a>SPI0_IRQHandler</STRONG> (Thumb, 0 bytes, Stack size 0 bytes, startup_sn32f400.o(.text))
<BR>[Address Reference Count : 1]<UL><LI> startup_sn32f400.o(RESET)
</UL>
<P><STRONG><a name="[10]"></a>SQRT_IRQHandler</STRONG> (Thumb, 0 bytes, Stack size 0 bytes, startup_sn32f400.o(.text))
<BR>[Address Reference Count : 1]<UL><LI> startup_sn32f400.o(RESET)
</UL>
<P><STRONG><a name="[c]"></a>UART0_IRQHandler</STRONG> (Thumb, 0 bytes, Stack size 0 bytes, startup_sn32f400.o(.text))
<BR>[Address Reference Count : 1]<UL><LI> startup_sn32f400.o(RESET)
</UL>
<P><STRONG><a name="[d]"></a>UART1_IRQHandler</STRONG> (Thumb, 0 bytes, Stack size 0 bytes, startup_sn32f400.o(.text))
<BR>[Address Reference Count : 1]<UL><LI> startup_sn32f400.o(RESET)
</UL>
<P><STRONG><a name="[20]"></a>__user_initial_stackheap</STRONG> (Thumb, 0 bytes, Stack size unknown bytes, startup_sn32f400.o(.text))
<BR><BR>[Called By]<UL><LI><a href="#[25]">&gt;&gt;</a>&nbsp;&nbsp;&nbsp;__user_setup_stackheap
</UL>

<P><STRONG><a name="[38]"></a>__aeabi_uidiv</STRONG> (Thumb, 0 bytes, Stack size 0 bytes, aeabi_sdiv.o(.text))
<BR><BR>[Called By]<UL><LI><a href="#[37]">&gt;&gt;</a>&nbsp;&nbsp;&nbsp;SystemCoreClockUpdate
<LI><a href="#[59]">&gt;&gt;</a>&nbsp;&nbsp;&nbsp;update_display
</UL>

<P><STRONG><a name="[48]"></a>__aeabi_uidivmod</STRONG> (Thumb, 20 bytes, Stack size 0 bytes, aeabi_sdiv.o(.text))
<BR><BR>[Called By]<UL><LI><a href="#[59]">&gt;&gt;</a>&nbsp;&nbsp;&nbsp;update_display
<LI><a href="#[47]">&gt;&gt;</a>&nbsp;&nbsp;&nbsp;handle_alarm
</UL>

<P><STRONG><a name="[88]"></a>__aeabi_idiv</STRONG> (Thumb, 0 bytes, Stack size 8 bytes, aeabi_sdiv.o(.text), UNUSED)

<P><STRONG><a name="[89]"></a>__aeabi_idivmod</STRONG> (Thumb, 338 bytes, Stack size 8 bytes, aeabi_sdiv.o(.text), UNUSED)

<P><STRONG><a name="[8a]"></a>__use_two_region_memory</STRONG> (Thumb, 2 bytes, Stack size 0 bytes, heapauxi.o(.text), UNUSED)

<P><STRONG><a name="[8b]"></a>__rt_heap_escrow$2region</STRONG> (Thumb, 2 bytes, Stack size 0 bytes, heapauxi.o(.text), UNUSED)

<P><STRONG><a name="[8c]"></a>__rt_heap_expand$2region</STRONG> (Thumb, 2 bytes, Stack size 0 bytes, heapauxi.o(.text), UNUSED)

<P><STRONG><a name="[25]"></a>__user_setup_stackheap</STRONG> (Thumb, 62 bytes, Stack size 8 bytes, sys_stackheap_outer.o(.text))
<BR><BR>[Stack]<UL><LI>Max Depth = 8 + Unknown Stack Size
<LI>Call Chain = __user_setup_stackheap
</UL>
<BR>[Calls]<UL><LI><a href="#[2f]">&gt;&gt;</a>&nbsp;&nbsp;&nbsp;__user_perproc_libspace
<LI><a href="#[20]">&gt;&gt;</a>&nbsp;&nbsp;&nbsp;__user_initial_stackheap
</UL>
<BR>[Called By]<UL><LI><a href="#[24]">&gt;&gt;</a>&nbsp;&nbsp;&nbsp;__rt_entry_sh
</UL>

<P><STRONG><a name="[2a]"></a>exit</STRONG> (Thumb, 16 bytes, Stack size 8 bytes, exit.o(.text))
<BR><BR>[Stack]<UL><LI>Max Depth = 8 + Unknown Stack Size
<LI>Call Chain = exit
</UL>
<BR>[Calls]<UL><LI><a href="#[31]">&gt;&gt;</a>&nbsp;&nbsp;&nbsp;__rt_exit
<LI><a href="#[30]">&gt;&gt;</a>&nbsp;&nbsp;&nbsp;_call_atexit_fns (Weak Reference)
</UL>
<BR>[Called By]<UL><LI><a href="#[28]">&gt;&gt;</a>&nbsp;&nbsp;&nbsp;__rt_entry_main
</UL>

<P><STRONG><a name="[8d]"></a>__user_libspace</STRONG> (Thumb, 8 bytes, Stack size 0 bytes, libspace.o(.text), UNUSED)

<P><STRONG><a name="[2f]"></a>__user_perproc_libspace</STRONG> (Thumb, 0 bytes, Stack size 0 bytes, libspace.o(.text))
<BR><BR>[Called By]<UL><LI><a href="#[25]">&gt;&gt;</a>&nbsp;&nbsp;&nbsp;__user_setup_stackheap
</UL>

<P><STRONG><a name="[8e]"></a>__user_perthread_libspace</STRONG> (Thumb, 0 bytes, Stack size 0 bytes, libspace.o(.text), UNUSED)

<P><STRONG><a name="[2e]"></a>_sys_exit</STRONG> (Thumb, 8 bytes, Stack size 0 bytes, sys_exit.o(.text))
<BR><BR>[Called By]<UL><LI><a href="#[2d]">&gt;&gt;</a>&nbsp;&nbsp;&nbsp;__rt_exit_exit
</UL>

<P><STRONG><a name="[8f]"></a>__I$use$semihosting</STRONG> (Thumb, 0 bytes, Stack size 0 bytes, use_no_semi.o(.text), UNUSED)

<P><STRONG><a name="[90]"></a>__use_no_semihosting_swi</STRONG> (Thumb, 2 bytes, Stack size 0 bytes, use_no_semi.o(.text), UNUSED)

<P><STRONG><a name="[91]"></a>__semihosting_library_function</STRONG> (Thumb, 0 bytes, Stack size unknown bytes, indicate_semi.o(.text), UNUSED)

<P><STRONG><a name="[e]"></a>CT16B0_IRQHandler</STRONG> (Thumb, 20 bytes, Stack size 4 bytes, ct16b0.o(.text.CT16B0_IRQHandler))
<BR><BR>[Stack]<UL><LI>Max Depth = 4<LI>Call Chain = CT16B0_IRQHandler
</UL>
<BR>[Address Reference Count : 1]<UL><LI> startup_sn32f400.o(RESET)
</UL>
<P><STRONG><a name="[5f]"></a>CT16B0_Init</STRONG> (Thumb, 68 bytes, Stack size 0 bytes, ct16b0.o(.text.CT16B0_Init))
<BR><BR>[Called By]<UL><LI><a href="#[56]">&gt;&gt;</a>&nbsp;&nbsp;&nbsp;system_init
</UL>

<P><STRONG><a name="[f]"></a>CT16B1_IRQHandler</STRONG> (Thumb, 40 bytes, Stack size 4 bytes, ct16b1.o(.text.CT16B1_IRQHandler))
<BR><BR>[Stack]<UL><LI>Max Depth = 4<LI>Call Chain = CT16B1_IRQHandler
</UL>
<BR>[Address Reference Count : 1]<UL><LI> startup_sn32f400.o(RESET)
</UL>
<P><STRONG><a name="[32]"></a>CT16B1_Init</STRONG> (Thumb, 64 bytes, Stack size 8 bytes, ct16b1.o(.text.CT16B1_Init))
<BR><BR>[Stack]<UL><LI>Max Depth = 12<LI>Call Chain = CT16B1_Init &rArr; __NVIC_EnableIRQ
</UL>
<BR>[Calls]<UL><LI><a href="#[33]">&gt;&gt;</a>&nbsp;&nbsp;&nbsp;__NVIC_EnableIRQ
</UL>
<BR>[Called By]<UL><LI><a href="#[56]">&gt;&gt;</a>&nbsp;&nbsp;&nbsp;system_init
</UL>

<P><STRONG><a name="[57]"></a>Digital_Scan</STRONG> (Thumb, 136 bytes, Stack size 4 bytes, segment.o(.text.Digital_Scan))
<BR><BR>[Stack]<UL><LI>Max Depth = 4<LI>Call Chain = Digital_Scan
</UL>
<BR>[Called By]<UL><LI><a href="#[29]">&gt;&gt;</a>&nbsp;&nbsp;&nbsp;main
</UL>

<P><STRONG><a name="[5e]"></a>GPIO_Init</STRONG> (Thumb, 72 bytes, Stack size 16 bytes, gpio.o(.text.GPIO_Init))
<BR><BR>[Stack]<UL><LI>Max Depth = 16<LI>Call Chain = GPIO_Init
</UL>
<BR>[Called By]<UL><LI><a href="#[56]">&gt;&gt;</a>&nbsp;&nbsp;&nbsp;system_init
</UL>

<P><STRONG><a name="[2]"></a>HardFault_Handler</STRONG> (Thumb, 4 bytes, Stack size 0 bytes, main.o(.text.HardFault_Handler))
<BR><BR>[Calls]<UL><LI><a href="#[34]">&gt;&gt;</a>&nbsp;&nbsp;&nbsp;__NVIC_SystemReset
</UL>
<BR>[Address Reference Count : 1]<UL><LI> startup_sn32f400.o(RESET)
</UL>
<P><STRONG><a name="[a]"></a>I2C0_IRQHandler</STRONG> (Thumb, 12 bytes, Stack size 0 bytes, i2c0.o(.text.I2C0_IRQHandler))
<BR>[Address Reference Count : 1]<UL><LI> startup_sn32f400.o(RESET)
</UL>
<P><STRONG><a name="[60]"></a>I2C0_Init</STRONG> (Thumb, 36 bytes, Stack size 0 bytes, i2c0.o(.text.I2C0_Init))
<BR><BR>[Called By]<UL><LI><a href="#[56]">&gt;&gt;</a>&nbsp;&nbsp;&nbsp;system_init
</UL>

<P><STRONG><a name="[41]"></a>I2C0_Start</STRONG> (Thumb, 36 bytes, Stack size 0 bytes, i2c0.o(.text.I2C0_Start))
<BR><BR>[Called By]<UL><LI><a href="#[46]">&gt;&gt;</a>&nbsp;&nbsp;&nbsp;eeprom_write
<LI><a href="#[40]">&gt;&gt;</a>&nbsp;&nbsp;&nbsp;eeprom_read
</UL>

<P><STRONG><a name="[43]"></a>I2C0_Stop</STRONG> (Thumb, 36 bytes, Stack size 0 bytes, i2c0.o(.text.I2C0_Stop))
<BR><BR>[Called By]<UL><LI><a href="#[46]">&gt;&gt;</a>&nbsp;&nbsp;&nbsp;eeprom_write
<LI><a href="#[40]">&gt;&gt;</a>&nbsp;&nbsp;&nbsp;eeprom_read
</UL>

<P><STRONG><a name="[44]"></a>I2C_read_byte</STRONG> (Thumb, 76 bytes, Stack size 4 bytes, i2c0.o(.text.I2C_read_byte))
<BR><BR>[Stack]<UL><LI>Max Depth = 4<LI>Call Chain = I2C_read_byte
</UL>
<BR>[Called By]<UL><LI><a href="#[40]">&gt;&gt;</a>&nbsp;&nbsp;&nbsp;eeprom_read
</UL>

<P><STRONG><a name="[42]"></a>I2C_write_byte</STRONG> (Thumb, 76 bytes, Stack size 8 bytes, i2c0.o(.text.I2C_write_byte))
<BR><BR>[Stack]<UL><LI>Max Depth = 8<LI>Call Chain = I2C_write_byte
</UL>
<BR>[Called By]<UL><LI><a href="#[46]">&gt;&gt;</a>&nbsp;&nbsp;&nbsp;eeprom_write
<LI><a href="#[40]">&gt;&gt;</a>&nbsp;&nbsp;&nbsp;eeprom_read
</UL>

<P><STRONG><a name="[35]"></a>KeyScan</STRONG> (Thumb, 276 bytes, Stack size 32 bytes, keyscan.o(.text.KeyScan))
<BR><BR>[Stack]<UL><LI>Max Depth = 40<LI>Call Chain = KeyScan &rArr; UT_DelayNx10us
</UL>
<BR>[Calls]<UL><LI><a href="#[36]">&gt;&gt;</a>&nbsp;&nbsp;&nbsp;UT_DelayNx10us
</UL>
<BR>[Called By]<UL><LI><a href="#[29]">&gt;&gt;</a>&nbsp;&nbsp;&nbsp;main
</UL>

<P><STRONG><a name="[1e]"></a>P0_IRQHandler</STRONG> (Thumb, 8 bytes, Stack size 0 bytes, gpio.o(.text.P0_IRQHandler))
<BR>[Address Reference Count : 1]<UL><LI> startup_sn32f400.o(RESET)
</UL>
<P><STRONG><a name="[1d]"></a>P1_IRQHandler</STRONG> (Thumb, 8 bytes, Stack size 0 bytes, gpio.o(.text.P1_IRQHandler))
<BR>[Address Reference Count : 1]<UL><LI> startup_sn32f400.o(RESET)
</UL>
<P><STRONG><a name="[1c]"></a>P2_IRQHandler</STRONG> (Thumb, 8 bytes, Stack size 0 bytes, gpio.o(.text.P2_IRQHandler))
<BR>[Address Reference Count : 1]<UL><LI> startup_sn32f400.o(RESET)
</UL>
<P><STRONG><a name="[1b]"></a>P3_IRQHandler</STRONG> (Thumb, 8 bytes, Stack size 0 bytes, gpio.o(.text.P3_IRQHandler))
<BR>[Address Reference Count : 1]<UL><LI> startup_sn32f400.o(RESET)
</UL>
<P><STRONG><a name="[5d]"></a>PFPA_Init</STRONG> (Thumb, 40 bytes, Stack size 0 bytes, pfpa.o(.text.PFPA_Init))
<BR><BR>[Called By]<UL><LI><a href="#[56]">&gt;&gt;</a>&nbsp;&nbsp;&nbsp;system_init
</UL>

<P><STRONG><a name="[5]"></a>SysTick_Handler</STRONG> (Thumb, 48 bytes, Stack size 0 bytes, systick.o(.text.SysTick_Handler))
<BR>[Address Reference Count : 1]<UL><LI> startup_sn32f400.o(RESET)
</UL>
<P><STRONG><a name="[37]"></a>SystemCoreClockUpdate</STRONG> (Thumb, 356 bytes, Stack size 32 bytes, system_sn32f400.o(.text.SystemCoreClockUpdate))
<BR><BR>[Stack]<UL><LI>Max Depth = 32<LI>Call Chain = SystemCoreClockUpdate
</UL>
<BR>[Calls]<UL><LI><a href="#[38]">&gt;&gt;</a>&nbsp;&nbsp;&nbsp;__aeabi_uidiv
</UL>
<BR>[Called By]<UL><LI><a href="#[56]">&gt;&gt;</a>&nbsp;&nbsp;&nbsp;system_init
</UL>

<P><STRONG><a name="[5c]"></a>SystemInit</STRONG> (Thumb, 56 bytes, Stack size 0 bytes, system_sn32f400.o(.text.SystemInit))
<BR><BR>[Called By]<UL><LI><a href="#[56]">&gt;&gt;</a>&nbsp;&nbsp;&nbsp;system_init
</UL>

<P><STRONG><a name="[39]"></a>UT_DelayNms</STRONG> (Thumb, 40 bytes, Stack size 16 bytes, utility.o(.text.UT_DelayNms))
<BR><BR>[Stack]<UL><LI>Max Depth = 24<LI>Call Chain = UT_DelayNms &rArr; UT_DelayNx10us
</UL>
<BR>[Calls]<UL><LI><a href="#[36]">&gt;&gt;</a>&nbsp;&nbsp;&nbsp;UT_DelayNx10us
</UL>
<BR>[Called By]<UL><LI><a href="#[45]">&gt;&gt;</a>&nbsp;&nbsp;&nbsp;eeprom_save_alarm
</UL>

<P><STRONG><a name="[36]"></a>UT_DelayNx10us</STRONG> (Thumb, 32 bytes, Stack size 8 bytes, utility.o(.text.UT_DelayNx10us))
<BR><BR>[Stack]<UL><LI>Max Depth = 8<LI>Call Chain = UT_DelayNx10us
</UL>
<BR>[Called By]<UL><LI><a href="#[39]">&gt;&gt;</a>&nbsp;&nbsp;&nbsp;UT_DelayNms
<LI><a href="#[35]">&gt;&gt;</a>&nbsp;&nbsp;&nbsp;KeyScan
</UL>

<P><STRONG><a name="[18]"></a>WDT_IRQHandler</STRONG> (Thumb, 24 bytes, Stack size 0 bytes, wdt.o(.text.WDT_IRQHandler))
<BR>[Address Reference Count : 1]<UL><LI> startup_sn32f400.o(RESET)
</UL>
<P><STRONG><a name="[3a]"></a>WDT_Init</STRONG> (Thumb, 52 bytes, Stack size 16 bytes, wdt.o(.text.WDT_Init))
<BR><BR>[Stack]<UL><LI>Max Depth = 20<LI>Call Chain = WDT_Init &rArr; WDT_ReloadValue
</UL>
<BR>[Calls]<UL><LI><a href="#[3b]">&gt;&gt;</a>&nbsp;&nbsp;&nbsp;WDT_ReloadValue
</UL>
<BR>[Called By]<UL><LI><a href="#[56]">&gt;&gt;</a>&nbsp;&nbsp;&nbsp;system_init
</UL>

<P><STRONG><a name="[3b]"></a>WDT_ReloadValue</STRONG> (Thumb, 24 bytes, Stack size 4 bytes, wdt.o(.text.WDT_ReloadValue))
<BR><BR>[Stack]<UL><LI>Max Depth = 4<LI>Call Chain = WDT_ReloadValue
</UL>
<BR>[Called By]<UL><LI><a href="#[3a]">&gt;&gt;</a>&nbsp;&nbsp;&nbsp;WDT_Init
</UL>

<P><STRONG><a name="[40]"></a>eeprom_read</STRONG> (Thumb, 152 bytes, Stack size 32 bytes, eeprom.o(.text.eeprom_read))
<BR><BR>[Stack]<UL><LI>Max Depth = 40<LI>Call Chain = eeprom_read &rArr; I2C_write_byte
</UL>
<BR>[Calls]<UL><LI><a href="#[44]">&gt;&gt;</a>&nbsp;&nbsp;&nbsp;I2C_read_byte
<LI><a href="#[42]">&gt;&gt;</a>&nbsp;&nbsp;&nbsp;I2C_write_byte
<LI><a href="#[43]">&gt;&gt;</a>&nbsp;&nbsp;&nbsp;I2C0_Stop
<LI><a href="#[41]">&gt;&gt;</a>&nbsp;&nbsp;&nbsp;I2C0_Start
</UL>
<BR>[Called By]<UL><LI><a href="#[3f]">&gt;&gt;</a>&nbsp;&nbsp;&nbsp;eeprom_load_alarm
</UL>

<P><STRONG><a name="[46]"></a>eeprom_write</STRONG> (Thumb, 116 bytes, Stack size 32 bytes, eeprom.o(.text.eeprom_write))
<BR><BR>[Stack]<UL><LI>Max Depth = 40<LI>Call Chain = eeprom_write &rArr; I2C_write_byte
</UL>
<BR>[Calls]<UL><LI><a href="#[42]">&gt;&gt;</a>&nbsp;&nbsp;&nbsp;I2C_write_byte
<LI><a href="#[43]">&gt;&gt;</a>&nbsp;&nbsp;&nbsp;I2C0_Stop
<LI><a href="#[41]">&gt;&gt;</a>&nbsp;&nbsp;&nbsp;I2C0_Start
</UL>
<BR>[Called By]<UL><LI><a href="#[45]">&gt;&gt;</a>&nbsp;&nbsp;&nbsp;eeprom_save_alarm
</UL>

<P><STRONG><a name="[29]"></a>main</STRONG> (Thumb, 92 bytes, Stack size 24 bytes, main.o(.text.main))
<BR><BR>[Stack]<UL><LI>Max Depth = 128<LI>Call Chain = main &rArr; handle_keys &rArr; on_alarm_set_pressed &rArr; eeprom_save_alarm &rArr; eeprom_write &rArr; I2C_write_byte
</UL>
<BR>[Calls]<UL><LI><a href="#[57]">&gt;&gt;</a>&nbsp;&nbsp;&nbsp;Digital_Scan
<LI><a href="#[35]">&gt;&gt;</a>&nbsp;&nbsp;&nbsp;KeyScan
<LI><a href="#[5b]">&gt;&gt;</a>&nbsp;&nbsp;&nbsp;handle_led_indicator
<LI><a href="#[5a]">&gt;&gt;</a>&nbsp;&nbsp;&nbsp;handle_blink
<LI><a href="#[55]">&gt;&gt;</a>&nbsp;&nbsp;&nbsp;handle_timeout
<LI><a href="#[59]">&gt;&gt;</a>&nbsp;&nbsp;&nbsp;update_display
<LI><a href="#[49]">&gt;&gt;</a>&nbsp;&nbsp;&nbsp;handle_buzzer
<LI><a href="#[47]">&gt;&gt;</a>&nbsp;&nbsp;&nbsp;handle_alarm
<LI><a href="#[58]">&gt;&gt;</a>&nbsp;&nbsp;&nbsp;update_time
<LI><a href="#[4a]">&gt;&gt;</a>&nbsp;&nbsp;&nbsp;handle_keys
<LI><a href="#[56]">&gt;&gt;</a>&nbsp;&nbsp;&nbsp;system_init
</UL>
<BR>[Called By]<UL><LI><a href="#[28]">&gt;&gt;</a>&nbsp;&nbsp;&nbsp;__rt_entry_main
</UL>

<P><STRONG><a name="[3d]"></a>set_buzzer_pitch</STRONG> (Thumb, 72 bytes, Stack size 8 bytes, buzzer.o(.text.set_buzzer_pitch))
<BR><BR>[Stack]<UL><LI>Max Depth = 8<LI>Call Chain = set_buzzer_pitch
</UL>
<BR>[Called By]<UL><LI><a href="#[3c]">&gt;&gt;</a>&nbsp;&nbsp;&nbsp;buzzer_beep
<LI><a href="#[3e]">&gt;&gt;</a>&nbsp;&nbsp;&nbsp;buzzer_off
<LI><a href="#[49]">&gt;&gt;</a>&nbsp;&nbsp;&nbsp;handle_buzzer
<LI><a href="#[47]">&gt;&gt;</a>&nbsp;&nbsp;&nbsp;handle_alarm
</UL>
<P>
<H3>
Local Symbols
</H3>
<P><STRONG><a name="[56]"></a>system_init</STRONG> (Thumb, 96 bytes, Stack size 16 bytes, main.o(.text.system_init))
<BR><BR>[Stack]<UL><LI>Max Depth = 72<LI>Call Chain = system_init &rArr; eeprom_load_alarm &rArr; eeprom_read &rArr; I2C_write_byte
</UL>
<BR>[Calls]<UL><LI><a href="#[32]">&gt;&gt;</a>&nbsp;&nbsp;&nbsp;CT16B1_Init
<LI><a href="#[60]">&gt;&gt;</a>&nbsp;&nbsp;&nbsp;I2C0_Init
<LI><a href="#[5f]">&gt;&gt;</a>&nbsp;&nbsp;&nbsp;CT16B0_Init
<LI><a href="#[3a]">&gt;&gt;</a>&nbsp;&nbsp;&nbsp;WDT_Init
<LI><a href="#[5e]">&gt;&gt;</a>&nbsp;&nbsp;&nbsp;GPIO_Init
<LI><a href="#[5d]">&gt;&gt;</a>&nbsp;&nbsp;&nbsp;PFPA_Init
<LI><a href="#[37]">&gt;&gt;</a>&nbsp;&nbsp;&nbsp;SystemCoreClockUpdate
<LI><a href="#[5c]">&gt;&gt;</a>&nbsp;&nbsp;&nbsp;SystemInit
<LI><a href="#[3f]">&gt;&gt;</a>&nbsp;&nbsp;&nbsp;eeprom_load_alarm
</UL>
<BR>[Called By]<UL><LI><a href="#[29]">&gt;&gt;</a>&nbsp;&nbsp;&nbsp;main
</UL>

<P><STRONG><a name="[4a]"></a>handle_keys</STRONG> (Thumb, 260 bytes, Stack size 32 bytes, main.o(.text.handle_keys))
<BR><BR>[Stack]<UL><LI>Max Depth = 104<LI>Call Chain = handle_keys &rArr; on_alarm_set_pressed &rArr; eeprom_save_alarm &rArr; eeprom_write &rArr; I2C_write_byte
</UL>
<BR>[Calls]<UL><LI><a href="#[54]">&gt;&gt;</a>&nbsp;&nbsp;&nbsp;decrement_alarm_minute
<LI><a href="#[53]">&gt;&gt;</a>&nbsp;&nbsp;&nbsp;decrement_alarm_hour
<LI><a href="#[52]">&gt;&gt;</a>&nbsp;&nbsp;&nbsp;decrement_minute
<LI><a href="#[51]">&gt;&gt;</a>&nbsp;&nbsp;&nbsp;decrement_hour
<LI><a href="#[50]">&gt;&gt;</a>&nbsp;&nbsp;&nbsp;increment_alarm_minute
<LI><a href="#[4f]">&gt;&gt;</a>&nbsp;&nbsp;&nbsp;increment_alarm_hour
<LI><a href="#[4e]">&gt;&gt;</a>&nbsp;&nbsp;&nbsp;increment_minute
<LI><a href="#[4d]">&gt;&gt;</a>&nbsp;&nbsp;&nbsp;increment_hour
<LI><a href="#[4c]">&gt;&gt;</a>&nbsp;&nbsp;&nbsp;on_alarm_set_pressed
<LI><a href="#[4b]">&gt;&gt;</a>&nbsp;&nbsp;&nbsp;on_setup_pressed
<LI><a href="#[3c]">&gt;&gt;</a>&nbsp;&nbsp;&nbsp;buzzer_beep
<LI><a href="#[3e]">&gt;&gt;</a>&nbsp;&nbsp;&nbsp;buzzer_off
</UL>
<BR>[Called By]<UL><LI><a href="#[29]">&gt;&gt;</a>&nbsp;&nbsp;&nbsp;main
</UL>

<P><STRONG><a name="[58]"></a>update_time</STRONG> (Thumb, 112 bytes, Stack size 0 bytes, main.o(.text.update_time))
<BR><BR>[Called By]<UL><LI><a href="#[29]">&gt;&gt;</a>&nbsp;&nbsp;&nbsp;main
</UL>

<P><STRONG><a name="[47]"></a>handle_alarm</STRONG> (Thumb, 164 bytes, Stack size 8 bytes, main.o(.text.handle_alarm))
<BR><BR>[Stack]<UL><LI>Max Depth = 16<LI>Call Chain = handle_alarm &rArr; set_buzzer_pitch
</UL>
<BR>[Calls]<UL><LI><a href="#[48]">&gt;&gt;</a>&nbsp;&nbsp;&nbsp;__aeabi_uidivmod
<LI><a href="#[3d]">&gt;&gt;</a>&nbsp;&nbsp;&nbsp;set_buzzer_pitch
</UL>
<BR>[Called By]<UL><LI><a href="#[29]">&gt;&gt;</a>&nbsp;&nbsp;&nbsp;main
</UL>

<P><STRONG><a name="[49]"></a>handle_buzzer</STRONG> (Thumb, 52 bytes, Stack size 8 bytes, main.o(.text.handle_buzzer))
<BR><BR>[Stack]<UL><LI>Max Depth = 16<LI>Call Chain = handle_buzzer &rArr; set_buzzer_pitch
</UL>
<BR>[Calls]<UL><LI><a href="#[3d]">&gt;&gt;</a>&nbsp;&nbsp;&nbsp;set_buzzer_pitch
</UL>
<BR>[Called By]<UL><LI><a href="#[29]">&gt;&gt;</a>&nbsp;&nbsp;&nbsp;main
</UL>

<P><STRONG><a name="[59]"></a>update_display</STRONG> (Thumb, 300 bytes, Stack size 56 bytes, main.o(.text.update_display))
<BR><BR>[Stack]<UL><LI>Max Depth = 68<LI>Call Chain = update_display &rArr; set_segment_digit
</UL>
<BR>[Calls]<UL><LI><a href="#[48]">&gt;&gt;</a>&nbsp;&nbsp;&nbsp;__aeabi_uidivmod
<LI><a href="#[38]">&gt;&gt;</a>&nbsp;&nbsp;&nbsp;__aeabi_uidiv
<LI><a href="#[62]">&gt;&gt;</a>&nbsp;&nbsp;&nbsp;set_colon
<LI><a href="#[61]">&gt;&gt;</a>&nbsp;&nbsp;&nbsp;set_segment_digit
</UL>
<BR>[Called By]<UL><LI><a href="#[29]">&gt;&gt;</a>&nbsp;&nbsp;&nbsp;main
</UL>

<P><STRONG><a name="[55]"></a>handle_timeout</STRONG> (Thumb, 52 bytes, Stack size 8 bytes, main.o(.text.handle_timeout))
<BR><BR>[Stack]<UL><LI>Max Depth = 32<LI>Call Chain = handle_timeout &rArr; buzzer_beep &rArr; set_buzzer_pitch
</UL>
<BR>[Calls]<UL><LI><a href="#[3c]">&gt;&gt;</a>&nbsp;&nbsp;&nbsp;buzzer_beep
</UL>
<BR>[Called By]<UL><LI><a href="#[29]">&gt;&gt;</a>&nbsp;&nbsp;&nbsp;main
</UL>

<P><STRONG><a name="[5a]"></a>handle_blink</STRONG> (Thumb, 40 bytes, Stack size 0 bytes, main.o(.text.handle_blink))
<BR><BR>[Called By]<UL><LI><a href="#[29]">&gt;&gt;</a>&nbsp;&nbsp;&nbsp;main
</UL>

<P><STRONG><a name="[5b]"></a>handle_led_indicator</STRONG> (Thumb, 56 bytes, Stack size 0 bytes, main.o(.text.handle_led_indicator))
<BR><BR>[Called By]<UL><LI><a href="#[29]">&gt;&gt;</a>&nbsp;&nbsp;&nbsp;main
</UL>

<P><STRONG><a name="[3f]"></a>eeprom_load_alarm</STRONG> (Thumb, 76 bytes, Stack size 16 bytes, main.o(.text.eeprom_load_alarm))
<BR><BR>[Stack]<UL><LI>Max Depth = 56<LI>Call Chain = eeprom_load_alarm &rArr; eeprom_read &rArr; I2C_write_byte
</UL>
<BR>[Calls]<UL><LI><a href="#[40]">&gt;&gt;</a>&nbsp;&nbsp;&nbsp;eeprom_read
</UL>
<BR>[Called By]<UL><LI><a href="#[4c]">&gt;&gt;</a>&nbsp;&nbsp;&nbsp;on_alarm_set_pressed
<LI><a href="#[56]">&gt;&gt;</a>&nbsp;&nbsp;&nbsp;system_init
</UL>

<P><STRONG><a name="[3e]"></a>buzzer_off</STRONG> (Thumb, 36 bytes, Stack size 8 bytes, main.o(.text.buzzer_off))
<BR><BR>[Stack]<UL><LI>Max Depth = 16<LI>Call Chain = buzzer_off &rArr; set_buzzer_pitch
</UL>
<BR>[Calls]<UL><LI><a href="#[3d]">&gt;&gt;</a>&nbsp;&nbsp;&nbsp;set_buzzer_pitch
</UL>
<BR>[Called By]<UL><LI><a href="#[4a]">&gt;&gt;</a>&nbsp;&nbsp;&nbsp;handle_keys
</UL>

<P><STRONG><a name="[3c]"></a>buzzer_beep</STRONG> (Thumb, 24 bytes, Stack size 16 bytes, main.o(.text.buzzer_beep))
<BR><BR>[Stack]<UL><LI>Max Depth = 24<LI>Call Chain = buzzer_beep &rArr; set_buzzer_pitch
</UL>
<BR>[Calls]<UL><LI><a href="#[3d]">&gt;&gt;</a>&nbsp;&nbsp;&nbsp;set_buzzer_pitch
</UL>
<BR>[Called By]<UL><LI><a href="#[55]">&gt;&gt;</a>&nbsp;&nbsp;&nbsp;handle_timeout
<LI><a href="#[4a]">&gt;&gt;</a>&nbsp;&nbsp;&nbsp;handle_keys
</UL>

<P><STRONG><a name="[4b]"></a>on_setup_pressed</STRONG> (Thumb, 56 bytes, Stack size 4 bytes, main.o(.text.on_setup_pressed))
<BR><BR>[Stack]<UL><LI>Max Depth = 4<LI>Call Chain = on_setup_pressed
</UL>
<BR>[Called By]<UL><LI><a href="#[4a]">&gt;&gt;</a>&nbsp;&nbsp;&nbsp;handle_keys
</UL>

<P><STRONG><a name="[4c]"></a>on_alarm_set_pressed</STRONG> (Thumb, 84 bytes, Stack size 16 bytes, main.o(.text.on_alarm_set_pressed))
<BR><BR>[Stack]<UL><LI>Max Depth = 72<LI>Call Chain = on_alarm_set_pressed &rArr; eeprom_save_alarm &rArr; eeprom_write &rArr; I2C_write_byte
</UL>
<BR>[Calls]<UL><LI><a href="#[45]">&gt;&gt;</a>&nbsp;&nbsp;&nbsp;eeprom_save_alarm
<LI><a href="#[3f]">&gt;&gt;</a>&nbsp;&nbsp;&nbsp;eeprom_load_alarm
</UL>
<BR>[Called By]<UL><LI><a href="#[4a]">&gt;&gt;</a>&nbsp;&nbsp;&nbsp;handle_keys
</UL>

<P><STRONG><a name="[4d]"></a>increment_hour</STRONG> (Thumb, 40 bytes, Stack size 4 bytes, main.o(.text.increment_hour))
<BR><BR>[Stack]<UL><LI>Max Depth = 4<LI>Call Chain = increment_hour
</UL>
<BR>[Called By]<UL><LI><a href="#[4a]">&gt;&gt;</a>&nbsp;&nbsp;&nbsp;handle_keys
</UL>

<P><STRONG><a name="[4e]"></a>increment_minute</STRONG> (Thumb, 40 bytes, Stack size 4 bytes, main.o(.text.increment_minute))
<BR><BR>[Stack]<UL><LI>Max Depth = 4<LI>Call Chain = increment_minute
</UL>
<BR>[Called By]<UL><LI><a href="#[4a]">&gt;&gt;</a>&nbsp;&nbsp;&nbsp;handle_keys
</UL>

<P><STRONG><a name="[4f]"></a>increment_alarm_hour</STRONG> (Thumb, 44 bytes, Stack size 4 bytes, main.o(.text.increment_alarm_hour))
<BR><BR>[Stack]<UL><LI>Max Depth = 4<LI>Call Chain = increment_alarm_hour
</UL>
<BR>[Called By]<UL><LI><a href="#[4a]">&gt;&gt;</a>&nbsp;&nbsp;&nbsp;handle_keys
</UL>

<P><STRONG><a name="[50]"></a>increment_alarm_minute</STRONG> (Thumb, 44 bytes, Stack size 4 bytes, main.o(.text.increment_alarm_minute))
<BR><BR>[Stack]<UL><LI>Max Depth = 4<LI>Call Chain = increment_alarm_minute
</UL>
<BR>[Called By]<UL><LI><a href="#[4a]">&gt;&gt;</a>&nbsp;&nbsp;&nbsp;handle_keys
</UL>

<P><STRONG><a name="[51]"></a>decrement_hour</STRONG> (Thumb, 40 bytes, Stack size 4 bytes, main.o(.text.decrement_hour))
<BR><BR>[Stack]<UL><LI>Max Depth = 4<LI>Call Chain = decrement_hour
</UL>
<BR>[Called By]<UL><LI><a href="#[4a]">&gt;&gt;</a>&nbsp;&nbsp;&nbsp;handle_keys
</UL>

<P><STRONG><a name="[52]"></a>decrement_minute</STRONG> (Thumb, 40 bytes, Stack size 4 bytes, main.o(.text.decrement_minute))
<BR><BR>[Stack]<UL><LI>Max Depth = 4<LI>Call Chain = decrement_minute
</UL>
<BR>[Called By]<UL><LI><a href="#[4a]">&gt;&gt;</a>&nbsp;&nbsp;&nbsp;handle_keys
</UL>

<P><STRONG><a name="[53]"></a>decrement_alarm_hour</STRONG> (Thumb, 44 bytes, Stack size 4 bytes, main.o(.text.decrement_alarm_hour))
<BR><BR>[Stack]<UL><LI>Max Depth = 4<LI>Call Chain = decrement_alarm_hour
</UL>
<BR>[Called By]<UL><LI><a href="#[4a]">&gt;&gt;</a>&nbsp;&nbsp;&nbsp;handle_keys
</UL>

<P><STRONG><a name="[54]"></a>decrement_alarm_minute</STRONG> (Thumb, 44 bytes, Stack size 4 bytes, main.o(.text.decrement_alarm_minute))
<BR><BR>[Stack]<UL><LI>Max Depth = 4<LI>Call Chain = decrement_alarm_minute
</UL>
<BR>[Called By]<UL><LI><a href="#[4a]">&gt;&gt;</a>&nbsp;&nbsp;&nbsp;handle_keys
</UL>

<P><STRONG><a name="[61]"></a>set_segment_digit</STRONG> (Thumb, 52 bytes, Stack size 12 bytes, main.o(.text.set_segment_digit))
<BR><BR>[Stack]<UL><LI>Max Depth = 12<LI>Call Chain = set_segment_digit
</UL>
<BR>[Called By]<UL><LI><a href="#[59]">&gt;&gt;</a>&nbsp;&nbsp;&nbsp;update_display
</UL>

<P><STRONG><a name="[62]"></a>set_colon</STRONG> (Thumb, 48 bytes, Stack size 4 bytes, main.o(.text.set_colon))
<BR><BR>[Stack]<UL><LI>Max Depth = 4<LI>Call Chain = set_colon
</UL>
<BR>[Called By]<UL><LI><a href="#[59]">&gt;&gt;</a>&nbsp;&nbsp;&nbsp;update_display
</UL>

<P><STRONG><a name="[34]"></a>__NVIC_SystemReset</STRONG> (Thumb, 20 bytes, Stack size 0 bytes, main.o(.text.__NVIC_SystemReset))
<BR><BR>[Called By]<UL><LI><a href="#[2]">&gt;&gt;</a>&nbsp;&nbsp;&nbsp;HardFault_Handler
</UL>

<P><STRONG><a name="[45]"></a>eeprom_save_alarm</STRONG> (Thumb, 36 bytes, Stack size 16 bytes, main.o(.text.eeprom_save_alarm))
<BR><BR>[Stack]<UL><LI>Max Depth = 56<LI>Call Chain = eeprom_save_alarm &rArr; eeprom_write &rArr; I2C_write_byte
</UL>
<BR>[Calls]<UL><LI><a href="#[39]">&gt;&gt;</a>&nbsp;&nbsp;&nbsp;UT_DelayNms
<LI><a href="#[46]">&gt;&gt;</a>&nbsp;&nbsp;&nbsp;eeprom_write
</UL>
<BR>[Called By]<UL><LI><a href="#[4c]">&gt;&gt;</a>&nbsp;&nbsp;&nbsp;on_alarm_set_pressed
</UL>

<P><STRONG><a name="[33]"></a>__NVIC_EnableIRQ</STRONG> (Thumb, 40 bytes, Stack size 4 bytes, ct16b1.o(.text.__NVIC_EnableIRQ))
<BR><BR>[Stack]<UL><LI>Max Depth = 4<LI>Call Chain = __NVIC_EnableIRQ
</UL>
<BR>[Called By]<UL><LI><a href="#[32]">&gt;&gt;</a>&nbsp;&nbsp;&nbsp;CT16B1_Init
</UL>
<P>
<H3>
Undefined Global Symbols
</H3>
<P><STRONG><a name="[30]"></a>_call_atexit_fns</STRONG> (ARM, 0 bytes, Stack size 0 bytes, UNDEFINED)
<BR><BR>[Called By]<UL><LI><a href="#[2a]">&gt;&gt;</a>&nbsp;&nbsp;&nbsp;exit
</UL>
<HR></body></html>
