Component: Arm Compiler for Embedded 6.24 Tool: armlink [5f371500]

==============================================================================

Section Cross References

    main.o(.text.main) refers to main.o(.text.system_init) for system_init
    main.o(.text.main) refers to keyscan.o(.text.KeyScan) for KeyScan
    main.o(.text.main) refers to segment.o(.text.Digital_Scan) for Digital_Scan
    main.o(.text.main) refers to main.o(.text.handle_keys) for handle_keys
    main.o(.text.main) refers to main.o(.text.update_time) for update_time
    main.o(.text.main) refers to main.o(.text.handle_alarm) for handle_alarm
    main.o(.text.main) refers to main.o(.text.handle_buzzer) for handle_buzzer
    main.o(.text.main) refers to main.o(.text.update_display) for update_display
    main.o(.text.main) refers to main.o(.text.handle_timeout) for handle_timeout
    main.o(.text.main) refers to main.o(.text.handle_blink) for handle_blink
    main.o(.text.main) refers to main.o(.text.handle_led_indicator) for handle_led_indicator
    main.o(.text.main) refers to ct16b1.o(.bss.timer_1ms_flag) for timer_1ms_flag
    main.o(.ARM.exidx.text.main) refers to main.o(.text.main) for [Anonymous Symbol]
    main.o(.text.system_init) refers to system_sn32f400.o(.text.SystemInit) for SystemInit
    main.o(.text.system_init) refers to system_sn32f400.o(.text.SystemCoreClockUpdate) for SystemCoreClockUpdate
    main.o(.text.system_init) refers to pfpa.o(.text.PFPA_Init) for PFPA_Init
    main.o(.text.system_init) refers to gpio.o(.text.GPIO_Init) for GPIO_Init
    main.o(.text.system_init) refers to wdt.o(.text.WDT_Init) for WDT_Init
    main.o(.text.system_init) refers to ct16b0.o(.text.CT16B0_Init) for CT16B0_Init
    main.o(.text.system_init) refers to i2c0.o(.text.I2C0_Init) for I2C0_Init
    main.o(.text.system_init) refers to main.o(.text.eeprom_load_alarm) for eeprom_load_alarm
    main.o(.text.system_init) refers to ct16b1.o(.text.CT16B1_Init) for CT16B1_Init
    main.o(.ARM.exidx.text.system_init) refers to main.o(.text.system_init) for [Anonymous Symbol]
    main.o(.text.handle_keys) refers to main.o(.text.buzzer_off) for buzzer_off
    main.o(.text.handle_keys) refers to main.o(.text.buzzer_beep) for buzzer_beep
    main.o(.text.handle_keys) refers to main.o(.text.on_setup_pressed) for on_setup_pressed
    main.o(.text.handle_keys) refers to main.o(.text.on_alarm_set_pressed) for on_alarm_set_pressed
    main.o(.text.handle_keys) refers to main.o(.text.increment_hour) for increment_hour
    main.o(.text.handle_keys) refers to main.o(.text.increment_minute) for increment_minute
    main.o(.text.handle_keys) refers to main.o(.text.increment_alarm_hour) for increment_alarm_hour
    main.o(.text.handle_keys) refers to main.o(.text.increment_alarm_minute) for increment_alarm_minute
    main.o(.text.handle_keys) refers to main.o(.text.decrement_hour) for decrement_hour
    main.o(.text.handle_keys) refers to main.o(.text.decrement_minute) for decrement_minute
    main.o(.text.handle_keys) refers to main.o(.text.decrement_alarm_hour) for decrement_alarm_hour
    main.o(.text.handle_keys) refers to main.o(.text.decrement_alarm_minute) for decrement_alarm_minute
    main.o(.text.handle_keys) refers to main.o(.bss.sys_state) for [Anonymous Symbol]
    main.o(.text.handle_keys) refers to main.o(.bss.blink_timer_ms) for [Anonymous Symbol]
    main.o(.ARM.exidx.text.handle_keys) refers to main.o(.text.handle_keys) for [Anonymous Symbol]
    main.o(.text.update_time) refers to main.o(.bss.sys_state) for [Anonymous Symbol]
    main.o(.text.update_time) refers to main.o(.bss.fast_time_counter) for [Anonymous Symbol]
    main.o(.text.update_time) refers to main.o(.bss.current_time) for [Anonymous Symbol]
    main.o(.ARM.exidx.text.update_time) refers to main.o(.text.update_time) for [Anonymous Symbol]
    main.o(.text.handle_alarm) refers to aeabi_sdiv.o(.text) for __aeabi_uidivmod
    main.o(.text.handle_alarm) refers to buzzer.o(.text.set_buzzer_pitch) for set_buzzer_pitch
    main.o(.text.handle_alarm) refers to main.o(.bss.sys_state) for [Anonymous Symbol]
    main.o(.text.handle_alarm) refers to main.o(.bss.current_time) for [Anonymous Symbol]
    main.o(.text.handle_alarm) refers to main.o(.bss.alarm_time) for [Anonymous Symbol]
    main.o(.text.handle_alarm) refers to main.o(.bss.alarm_timer_ms) for [Anonymous Symbol]
    main.o(.ARM.exidx.text.handle_alarm) refers to main.o(.text.handle_alarm) for [Anonymous Symbol]
    main.o(.text.handle_buzzer) refers to buzzer.o(.text.set_buzzer_pitch) for set_buzzer_pitch
    main.o(.text.handle_buzzer) refers to main.o(.bss.beep_timer) for [Anonymous Symbol]
    main.o(.text.handle_buzzer) refers to main.o(.bss.sys_state) for [Anonymous Symbol]
    main.o(.ARM.exidx.text.handle_buzzer) refers to main.o(.text.handle_buzzer) for [Anonymous Symbol]
    main.o(.text.update_display) refers to aeabi_sdiv.o(.text) for __aeabi_uidiv
[...]
    __rtentry2.o(.ARM.Collect$$rtentry$$0000000B) refers to boardinit3.o(.text) for _platform_post_lib_init
    __rtentry2.o(.ARM.Collect$$rtentry$$0000000D) refers to main.o(.text.main) for main
    __rtentry2.o(.ARM.Collect$$rtentry$$0000000D) refers to exit.o(.text) for exit
    __rtentry2.o(.ARM.exidx) refers to __rtentry2.o(.ARM.Collect$$rtentry$$00000001) for .ARM.Collect$$rtentry$$00000001
    __rtentry2.o(.ARM.exidx) refers to __rtentry2.o(.ARM.Collect$$rtentry$$00000008) for .ARM.Collect$$rtentry$$00000008
    __rtentry2.o(.ARM.exidx) refers to __rtentry2.o(.ARM.Collect$$rtentry$$0000000A) for .ARM.Collect$$rtentry$$0000000A
    __rtentry2.o(.ARM.exidx) refers to __rtentry2.o(.ARM.Collect$$rtentry$$0000000B) for .ARM.Collect$$rtentry$$0000000B
    __rtentry2.o(.ARM.exidx) refers to __rtentry2.o(.ARM.Collect$$rtentry$$0000000D) for .ARM.Collect$$rtentry$$0000000D
    __rtentry4.o(.ARM.Collect$$rtentry$$00000004) refers to sys_stackheap_outer.o(.text) for __user_setup_stackheap
    __rtentry4.o(.ARM.exidx) refers to __rtentry4.o(.ARM.Collect$$rtentry$$00000004) for .ARM.Collect$$rtentry$$00000004
    rt_div0.o(.text) refers to defsig_fpe_outer.o(.text) for __rt_SIGFPE
    sys_stackheap_outer.o(.text) refers to libspace.o(.text) for __user_perproc_libspace
    sys_stackheap_outer.o(.text) refers to startup_sn32f400.o(.text) for __user_initial_stackheap
    sys_stackheap_outer.o(__vectab_stack_and_reset_area) refers to tempstk.o(.text) for __temporary_stack_top
    sys_stackheap_outer.o(__vectab_stack_and_reset_area) refers to __main.o(!!!main) for __main
    exit.o(.text) refers to rtexit.o(.ARM.Collect$$rtexit$$00000000) for __rt_exit
    defsig_fpe_outer.o(.text) refers to defsig_fpe_inner.o(.text) for __rt_SIGFPE_inner
    defsig_fpe_outer.o(.text) refers to defsig_exit.o(.text) for __sig_exit
    defsig_fpe_formal.o(.text) refers to rt_raise.o(.text) for __rt_raise
    libinit.o(.ARM.Collect$$libinit$$00000000) refers (Special) to libinit2.o(.ARM.Collect$$libinit$$00000030) for __rt_lib_init_alloca_1
    libinit.o(.ARM.Collect$$libinit$$00000000) refers (Special) to libinit2.o(.ARM.Collect$$libinit$$0000002E) for __rt_lib_init_argv_1
    libinit.o(.ARM.Collect$$libinit$$00000000) refers (Special) to libinit2.o(.ARM.Collect$$libinit$$0000001D) for __rt_lib_init_atexit_1
    libinit.o(.ARM.Collect$$libinit$$00000000) refers (Special) to libinit2.o(.ARM.Collect$$libinit$$00000023) for __rt_lib_init_clock_1
    libinit.o(.ARM.Collect$$libinit$$00000000) refers (Special) to libinit2.o(.ARM.Collect$$libinit$$00000034) for __rt_lib_init_cpp_1
    libinit.o(.ARM.Collect$$libinit$$00000000) refers (Special) to libinit2.o(.ARM.Collect$$libinit$$00000032) for __rt_lib_init_exceptions_1
    libinit.o(.ARM.Collect$$libinit$$00000000) refers (Special) to libinit2.o(.ARM.Collect$$libinit$$00000002) for __rt_lib_init_fp_1
    libinit.o(.ARM.Collect$$libinit$$00000000) refers (Special) to libinit2.o(.ARM.Collect$$libinit$$00000021) for __rt_lib_init_fp_trap_1
    libinit.o(.ARM.Collect$$libinit$$00000000) refers (Special) to libinit2.o(.ARM.Collect$$libinit$$00000025) for __rt_lib_init_getenv_1
    libinit.o(.ARM.Collect$$libinit$$00000000) refers (Special) to libinit2.o(.ARM.Collect$$libinit$$0000000C) for __rt_lib_init_heap_1
    libinit.o(.ARM.Collect$$libinit$$00000000) refers (Special) to libinit2.o(.ARM.Collect$$libinit$$00000013) for __rt_lib_init_lc_collate_1
    libinit.o(.ARM.Collect$$libinit$$00000000) refers (Special) to libinit2.o(.ARM.Collect$$libinit$$00000015) for __rt_lib_init_lc_ctype_1
    libinit.o(.ARM.Collect$$libinit$$00000000) refers (Special) to libinit2.o(.ARM.Collect$$libinit$$00000017) for __rt_lib_init_lc_monetary_1
    libinit.o(.ARM.Collect$$libinit$$00000000) refers (Special) to libinit2.o(.ARM.Collect$$libinit$$00000019) for __rt_lib_init_lc_numeric_1
    libinit.o(.ARM.Collect$$libinit$$00000000) refers (Special) to libinit2.o(.ARM.Collect$$libinit$$0000001B) for __rt_lib_init_lc_time_1
    libinit.o(.ARM.Collect$$libinit$$00000000) refers (Special) to libinit2.o(.ARM.Collect$$libinit$$00000006) for __rt_lib_init_preinit_1
    libinit.o(.ARM.Collect$$libinit$$00000000) refers (Special) to libinit2.o(.ARM.Collect$$libinit$$00000010) for __rt_lib_init_rand_1
    libinit.o(.ARM.Collect$$libinit$$00000000) refers (Special) to libinit2.o(.ARM.Collect$$libinit$$00000004) for __rt_lib_init_relocate_pie_1
    libinit.o(.ARM.Collect$$libinit$$00000000) refers (Special) to libinit2.o(.ARM.Collect$$libinit$$00000035) for __rt_lib_init_return
    libinit.o(.ARM.Collect$$libinit$$00000000) refers (Special) to libinit2.o(.ARM.Collect$$libinit$$0000001F) for __rt_lib_init_signal_1
    libinit.o(.ARM.Collect$$libinit$$00000000) refers (Special) to libinit2.o(.ARM.Collect$$libinit$$00000027) for __rt_lib_init_stdio_1
    libinit.o(.ARM.Collect$$libinit$$00000000) refers (Special) to libinit2.o(.ARM.Collect$$libinit$$0000000E) for __rt_lib_init_user_alloc_1
    libspace.o(.text) refers to libspace.o(.bss) for __libspace_start
    rtexit.o(.ARM.Collect$$rtexit$$00000000) refers (Special) to rtexit2.o(.ARM.Collect$$rtexit$$00000004) for __rt_exit_exit
    rtexit.o(.ARM.Collect$$rtexit$$00000000) refers (Special) to rtexit2.o(.ARM.Collect$$rtexit$$00000003) for __rt_exit_ls
    rtexit.o(.ARM.Collect$$rtexit$$00000000) refers (Special) to rtexit2.o(.ARM.Collect$$rtexit$$00000002) for __rt_exit_prels_1
    rtexit.o(.ARM.exidx) refers (Special) to rtexit2.o(.ARM.Collect$$rtexit$$00000004) for __rt_exit_exit
    rtexit.o(.ARM.exidx) refers (Special) to rtexit2.o(.ARM.Collect$$rtexit$$00000003) for __rt_exit_ls
    rtexit.o(.ARM.exidx) refers (Special) to rtexit2.o(.ARM.Collect$$rtexit$$00000002) for __rt_exit_prels_1
    rtexit.o(.ARM.exidx) refers to rtexit.o(.ARM.Collect$$rtexit$$00000000) for .ARM.Collect$$rtexit$$00000000
    rt_raise.o(.text) refers to __raise.o(.text) for __raise
    rt_raise.o(.text) refers to sys_exit.o(.text) for _sys_exit
    defsig_exit.o(.text) refers to sys_exit.o(.text) for _sys_exit
    defsig_fpe_inner.o(.text) refers to defsig_general.o(.text) for __default_signal_display
    libinit2.o(.ARM.Collect$$libinit$$00000012) refers to libinit2.o(.ARM.Collect$$libinit$$00000011) for .ARM.Collect$$libinit$$00000011
    libinit2.o(.ARM.Collect$$libinit$$00000014) refers to libinit2.o(.ARM.Collect$$libinit$$00000011) for .ARM.Collect$$libinit$$00000011
    libinit2.o(.ARM.Collect$$libinit$$00000016) refers to libinit2.o(.ARM.Collect$$libinit$$00000011) for .ARM.Collect$$libinit$$00000011
    libinit2.o(.ARM.Collect$$libinit$$00000018) refers to libinit2.o(.ARM.Collect$$libinit$$00000011) for .ARM.Collect$$libinit$$00000011
    libinit2.o(.ARM.Collect$$libinit$$0000001A) refers to libinit2.o(.ARM.Collect$$libinit$$00000011) for .ARM.Collect$$libinit$$00000011
    libinit2.o(.ARM.Collect$$libinit$$00000028) refers to argv_veneer.o(.text) for __ARM_argv_veneer
    libinit2.o(.ARM.Collect$$libinit$$00000029) refers to argv_veneer.o(.text) for __ARM_argv_veneer
    sys_exit.o(.text) refers (Special) to use_no_semi.o(.text) for __I$use$semihosting
    sys_exit.o(.text) refers (Special) to indicate_semi.o(.text) for __semihosting_library_function
    sys_exit_hlt.o(.text) refers (Special) to use_no_semi.o(.text) for __I$use$semihosting
    sys_exit_hlt.o(.text) refers (Special) to indicate_semi.o(.text) for __semihosting_library_function
    rtexit2.o(.ARM.Collect$$rtexit$$00000003) refers to libshutdown.o(.ARM.Collect$$libshutdown$$00000000) for __rt_lib_shutdown
    rtexit2.o(.ARM.Collect$$rtexit$$00000004) refers to sys_exit.o(.text) for _sys_exit
    rtexit2.o(.ARM.exidx) refers to rtexit2.o(.ARM.Collect$$rtexit$$00000001) for .ARM.Collect$$rtexit$$00000001
    rtexit2.o(.ARM.exidx) refers to rtexit2.o(.ARM.Collect$$rtexit$$00000003) for .ARM.Collect$$rtexit$$00000003
    rtexit2.o(.ARM.exidx) refers to rtexit2.o(.ARM.Collect$$rtexit$$00000004) for .ARM.Collect$$rtexit$$00000004
    __raise.o(.text) refers to defsig.o(CL$$defsig) for __default_signal_handler
    defsig_general.o(.text) refers to sys_wrch.o(.text) for _ttywrch
    sys_wrch.o(.text) refers (Special) to use_no_semi.o(.text) for __I$use$semihosting
    sys_wrch.o(.text) refers (Special) to indicate_semi.o(.text) for __semihosting_library_function
    sys_wrch_hlt.o(.text) refers (Special) to use_no_semi.o(.text) for __I$use$semihosting
    sys_wrch_hlt.o(.text) refers (Special) to indicate_semi.o(.text) for __semihosting_library_function
    defsig.o(CL$$defsig) refers to defsig_fpe_inner.o(.text) for __rt_SIGFPE_inner
    defsig.o(CL$$defsig) refers to defsig_rtmem_inner.o(.text) for __rt_SIGRTMEM_inner
    _get_argv_nomalloc.o(.text) refers (Special) to hrguard.o(.text) for __heap_region$guard
    _get_argv_nomalloc.o(.text) refers to defsig_rtmem_outer.o(.text) for __rt_SIGRTMEM
    _get_argv_nomalloc.o(.text) refers to sys_command.o(.text) for _sys_command_string
    libshutdown.o(.ARM.Collect$$libshutdown$$00000000) refers (Special) to libshutdown2.o(.ARM.Collect$$libshutdown$$00000002) for __rt_lib_shutdown_cpp_1
    libshutdown.o(.ARM.Collect$$libshutdown$$00000000) refers (Special) to libshutdown2.o(.ARM.Collect$$libshutdown$$00000007) for __rt_lib_shutdown_fp_trap_1
    libshutdown.o(.ARM.Collect$$libshutdown$$00000000) refers (Special) to libshutdown2.o(.ARM.Collect$$libshutdown$$0000000F) for __rt_lib_shutdown_heap_1
    libshutdown.o(.ARM.Collect$$libshutdown$$00000000) refers (Special) to libshutdown2.o(.ARM.Collect$$libshutdown$$00000010) for __rt_lib_shutdown_return
    libshutdown.o(.ARM.Collect$$libshutdown$$00000000) refers (Special) to libshutdown2.o(.ARM.Collect$$libshutdown$$0000000A) for __rt_lib_shutdown_signal_1
    libshutdown.o(.ARM.Collect$$libshutdown$$00000000) refers (Special) to libshutdown2.o(.ARM.Collect$$libshutdown$$00000004) for __rt_lib_shutdown_stdio_1
    libshutdown.o(.ARM.Collect$$libshutdown$$00000000) refers (Special) to libshutdown2.o(.ARM.Collect$$libshutdown$$0000000C) for __rt_lib_shutdown_user_alloc_1
    sys_command.o(.text) refers (Special) to use_no_semi.o(.text) for __I$use$semihosting
    sys_command.o(.text) refers (Special) to indicate_semi.o(.text) for __semihosting_library_function
    sys_command_hlt.o(.text) refers (Special) to use_no_semi.o(.text) for __I$use$semihosting
    sys_command_hlt.o(.text) refers (Special) to indicate_semi.o(.text) for __semihosting_library_function
    defsig_abrt_inner.o(.text) refers to defsig_general.o(.text) for __default_signal_display
    defsig_rtred_inner.o(.text) refers to defsig_general.o(.text) for __default_signal_display
    defsig_rtmem_inner.o(.text) refers to defsig_general.o(.text) for __default_signal_display
    defsig_rtmem_outer.o(.text) refers to defsig_rtmem_inner.o(.text) for __rt_SIGRTMEM_inner
    defsig_rtmem_outer.o(.text) refers to defsig_exit.o(.text) for __sig_exit
    defsig_rtmem_formal.o(.text) refers to rt_raise.o(.text) for __rt_raise
    defsig_stak_inner.o(.text) refers to defsig_general.o(.text) for __default_signal_display
    defsig_pvfn_inner.o(.text) refers to defsig_general.o(.text) for __default_signal_display
    defsig_cppl_inner.o(.text) refers to defsig_general.o(.text) for __default_signal_display
    defsig_segv_inner.o(.text) refers to defsig_general.o(.text) for __default_signal_display
    defsig_other.o(.text) refers to defsig_general.o(.text) for __default_signal_display


==============================================================================

Removing Unused input sections from the image.

    Removing main.o(.text), (0 bytes).
    Removing main.o(.ARM.exidx.text.main), (8 bytes).
    Removing main.o(.ARM.exidx.text.system_init), (8 bytes).
    Removing main.o(.ARM.exidx.text.handle_keys), (8 bytes).
    Removing main.o(.ARM.exidx.text.update_time), (8 bytes).
    Removing main.o(.ARM.exidx.text.handle_alarm), (8 bytes).
    Removing main.o(.ARM.exidx.text.handle_buzzer), (8 bytes).
    Removing main.o(.ARM.exidx.text.update_display), (8 bytes).
    Removing main.o(.ARM.exidx.text.handle_timeout), (8 bytes).
    Removing main.o(.ARM.exidx.text.handle_blink), (8 bytes).
    Removing main.o(.ARM.exidx.text.handle_led_indicator), (8 bytes).
    Removing main.o(.text.NotPinOut_GPIO_init), (2 bytes).
    Removing main.o(.ARM.exidx.text.NotPinOut_GPIO_init), (8 bytes).
    Removing main.o(.ARM.exidx.text.HardFault_Handler), (8 bytes).
    Removing main.o(.ARM.exidx.text.__NVIC_SystemReset), (8 bytes).
    Removing main.o(.ARM.exidx.text.eeprom_load_alarm), (8 bytes).
    Removing main.o(.ARM.exidx.text.buzzer_off), (8 bytes).
    Removing main.o(.ARM.exidx.text.buzzer_beep), (8 bytes).
    Removing main.o(.ARM.exidx.text.on_setup_pressed), (8 bytes).
    Removing main.o(.ARM.exidx.text.on_alarm_set_pressed), (8 bytes).
    Removing main.o(.ARM.exidx.text.increment_hour), (8 bytes).
    Removing main.o(.ARM.exidx.text.increment_minute), (8 bytes).
    Removing main.o(.ARM.exidx.text.increment_alarm_hour), (8 bytes).
    Removing main.o(.ARM.exidx.text.increment_alarm_minute), (8 bytes).
    Removing main.o(.ARM.exidx.text.decrement_hour), (8 bytes).
    Removing main.o(.ARM.exidx.text.decrement_minute), (8 bytes).
    Removing main.o(.ARM.exidx.text.decrement_alarm_hour), (8 bytes).
    Removing main.o(.ARM.exidx.text.decrement_alarm_minute), (8 bytes).
    Removing main.o(.ARM.exidx.text.eeprom_save_alarm), (8 bytes).
    Removing main.o(.ARM.exidx.text.set_segment_digit), (8 bytes).
    Removing main.o(.ARM.exidx.text.set_colon), (8 bytes).
    Removing main.o(.ARM.use_no_argv), (4 bytes).
    Removing pfpa.o(.text), (0 bytes).
    Removing pfpa.o(.ARM.exidx.text.PFPA_Init), (8 bytes).
    Removing systick.o(.text), (0 bytes).
    Removing systick.o(.text.SysTick_Init), (36 bytes).
    Removing systick.o(.ARM.exidx.text.SysTick_Init), (8 bytes).
    Removing systick.o(.text.SysTick_ConfigTime), (84 bytes).
    Removing systick.o(.ARM.exidx.text.SysTick_ConfigTime), (8 bytes).
    Removing systick.o(.ARM.exidx.text.SysTick_Handler), (8 bytes).
    Removing gpio.o(.text), (0 bytes).
    Removing gpio.o(.ARM.exidx.text.GPIO_Init), (8 bytes).
    Removing gpio.o(.ARM.exidx.text.P0_IRQHandler), (8 bytes).
    Removing gpio.o(.ARM.exidx.text.P1_IRQHandler), (8 bytes).
    Removing gpio.o(.ARM.exidx.text.P2_IRQHandler), (8 bytes).
    Removing gpio.o(.ARM.exidx.text.P3_IRQHandler), (8 bytes).
    Removing ct16b0.o(.text), (0 bytes).
    Removing ct16b0.o(.ARM.exidx.text.CT16B0_IRQHandler), (8 bytes).
    Removing ct16b0.o(.ARM.exidx.text.CT16B0_Init), (8 bytes).
    Removing ct16b0.o(.text.CT16B0_NvicEnable), (22 bytes).
    Removing ct16b0.o(.ARM.exidx.text.CT16B0_NvicEnable), (8 bytes).
    Removing ct16b0.o(.text.__NVIC_ClearPendingIRQ), (44 bytes).
    Removing ct16b0.o(.ARM.exidx.text.__NVIC_ClearPendingIRQ), (8 bytes).
    Removing ct16b0.o(.text.__NVIC_EnableIRQ), (44 bytes).
    Removing ct16b0.o(.ARM.exidx.text.__NVIC_EnableIRQ), (8 bytes).
    Removing ct16b0.o(.text.CT16B0_NvicDisable), (10 bytes).
    Removing ct16b0.o(.ARM.exidx.text.CT16B0_NvicDisable), (8 bytes).
    Removing ct16b0.o(.text.__NVIC_DisableIRQ), (52 bytes).
    Removing ct16b0.o(.ARM.exidx.text.__NVIC_DisableIRQ), (8 bytes).
    Removing ct16b1.o(.text), (0 bytes).
    Removing ct16b1.o(.ARM.exidx.text.CT16B1_IRQHandler), (8 bytes).
    Removing ct16b1.o(.ARM.exidx.text.CT16B1_Init), (8 bytes).
    Removing ct16b1.o(.ARM.exidx.text.__NVIC_EnableIRQ), (8 bytes).
    Removing ct16b1.o(.text.CT16B1_NvicEnable), (22 bytes).
    Removing ct16b1.o(.ARM.exidx.text.CT16B1_NvicEnable), (8 bytes).
    Removing ct16b1.o(.text.__NVIC_ClearPendingIRQ), (44 bytes).
    Removing ct16b1.o(.ARM.exidx.text.__NVIC_ClearPendingIRQ), (8 bytes).
    Removing ct16b1.o(.text.CT16B1_NvicDisable), (10 bytes).
    Removing ct16b1.o(.ARM.exidx.text.CT16B1_NvicDisable), (8 bytes).
    Removing ct16b1.o(.text.__NVIC_DisableIRQ), (52 bytes).
    Removing ct16b1.o(.ARM.exidx.text.__NVIC_DisableIRQ), (8 bytes).
    Removing ct16b1.o(.bss.timer_repeat), (2 bytes).
    Removing ct16b1.o(.bss.timer_1s_flag), (1 bytes).
    Removing i2c0.o(.text), (0 bytes).
    Removing i2c0.o(.ARM.exidx.text.I2C0_IRQHandler), (8 bytes).
    Removing i2c0.o(.ARM.exidx.text.I2C0_Init), (8 bytes).
    Removing i2c0.o(.ARM.exidx.text.I2C0_Start), (8 bytes).
    Removing i2c0.o(.ARM.exidx.text.I2C0_Stop), (8 bytes).
    Removing i2c0.o(.ARM.exidx.text.I2C_write_byte), (8 bytes).
    Removing i2c0.o(.ARM.exidx.text.I2C_read_byte), (8 bytes).
    Removing utility.o(.text), (0 bytes).
    Removing utility.o(.ARM.exidx.text.UT_DelayNx10us), (8 bytes).
    Removing utility.o(.ARM.exidx.text.UT_DelayNms), (8 bytes).
    Removing wdt.o(.text), (0 bytes).
    Removing wdt.o(.ARM.exidx.text.WDT_IRQHandler), (8 bytes).
    Removing wdt.o(.ARM.exidx.text.WDT_Init), (8 bytes).
    Removing wdt.o(.ARM.exidx.text.WDT_ReloadValue), (8 bytes).
    Removing wdt.o(.text.WDT_NvicEnable), (30 bytes).
    Removing wdt.o(.ARM.exidx.text.WDT_NvicEnable), (8 bytes).
    Removing wdt.o(.text.__NVIC_ClearPendingIRQ), (44 bytes).
    Removing wdt.o(.ARM.exidx.text.__NVIC_ClearPendingIRQ), (8 bytes).
    Removing wdt.o(.text.__NVIC_EnableIRQ), (44 bytes).
    Removing wdt.o(.ARM.exidx.text.__NVIC_EnableIRQ), (8 bytes).
    Removing wdt.o(.text.__NVIC_SetPriority), (132 bytes).
    Removing wdt.o(.ARM.exidx.text.__NVIC_SetPriority), (8 bytes).
    Removing wdt.o(.text.WDT_NvicDisable), (10 bytes).
    Removing wdt.o(.ARM.exidx.text.WDT_NvicDisable), (8 bytes).
    Removing wdt.o(.text.__NVIC_DisableIRQ), (52 bytes).
    Removing wdt.o(.ARM.exidx.text.__NVIC_DisableIRQ), (8 bytes).
    Removing buzzer.o(.text), (0 bytes).
    Removing buzzer.o(.ARM.exidx.text.set_buzzer_pitch), (8 bytes).
    Removing eeprom.o(.text), (0 bytes).
    Removing eeprom.o(.ARM.exidx.text.eeprom_write), (8 bytes).
    Removing eeprom.o(.ARM.exidx.text.eeprom_read), (8 bytes).
    Removing segment.o(.text), (0 bytes).
    Removing segment.o(.text.Digital_DisplayDEC), (184 bytes).
    Removing segment.o(.ARM.exidx.text.Digital_DisplayDEC), (8 bytes).
    Removing segment.o(.text.Digital_DisplayHEX), (76 bytes).
    Removing segment.o(.ARM.exidx.text.Digital_DisplayHEX), (8 bytes).
    Removing segment.o(.ARM.exidx.text.Digital_Scan), (8 bytes).
    Removing segment.o(.rodata.SEGMENT_TABLE), (17 bytes).
    Removing keyscan.o(.text), (0 bytes).
    Removing keyscan.o(.ARM.exidx.text.KeyScan), (8 bytes).
    Removing system_sn32f400.o(.text), (0 bytes).
    Removing system_sn32f400.o(.ARM.exidx.text.SystemCoreClockUpdate), (8 bytes).
    Removing system_sn32f400.o(.ARM.exidx.text.SystemInit), (8 bytes).

116 unused section(s) (total 1642 bytes) removed from the image.

==============================================================================

Image Symbol Table

    Local Symbols

    Symbol Name                              Value     Ov Type        Size  Object(Section)

    ../clib/angel/boardlib.s                 0x00000000   Number         0  boardinit1.o ABSOLUTE
    ../clib/angel/boardlib.s                 0x00000000   Number         0  boardinit2.o ABSOLUTE
    ../clib/angel/boardlib.s                 0x00000000   Number         0  boardinit3.o ABSOLUTE
    ../clib/angel/boardlib.s                 0x00000000   Number         0  boardshut.o ABSOLUTE
    ../clib/angel/handlers.s                 0x00000000   Number         0  __scatter_zi.o ABSOLUTE
    ../clib/angel/kernel.s                   0x00000000   Number         0  __rtentry.o ABSOLUTE
    ../clib/angel/kernel.s                   0x00000000   Number         0  __rtentry2.o ABSOLUTE
    ../clib/angel/kernel.s                   0x00000000   Number         0  __rtentry4.o ABSOLUTE
    ../clib/angel/kernel.s                   0x00000000   Number         0  rtexit.o ABSOLUTE
    ../clib/angel/kernel.s                   0x00000000   Number         0  rtexit2.o ABSOLUTE
    ../clib/angel/rt.s                       0x00000000   Number         0  aeabi_idiv0.o ABSOLUTE
    ../clib/angel/rt.s                       0x00000000   Number         0  aeabi_idiv0_sigfpe.o ABSOLUTE
    ../clib/angel/rt.s                       0x00000000   Number         0  rt_div0.o ABSOLUTE
    ../clib/angel/rt.s                       0x00000000   Number         0  rt_raise.o ABSOLUTE
    ../clib/angel/scatterp.s                 0x00000000   Number         0  __scatter.o ABSOLUTE
    ../clib/angel/startup.s                  0x00000000   Number         0  __main.o ABSOLUTE
    ../clib/angel/sys.s                      0x00000000   Number         0  sys_stackheap_outer.o ABSOLUTE
    ../clib/angel/sys.s                      0x00000000   Number         0  libspace.o ABSOLUTE
    ../clib/angel/sys.s                      0x00000000   Number         0  tempstk.o ABSOLUTE
    ../clib/angel/sys.s                      0x00000000   Number         0  use_no_semi.o ABSOLUTE
    ../clib/angel/sys.s                      0x00000000   Number         0  indicate_semi.o ABSOLUTE
    ../clib/angel/sysapp.c                   0x00000000   Number         0  sys_exit.o ABSOLUTE
    ../clib/angel/sysapp.c                   0x00000000   Number         0  sys_exit_hlt.o ABSOLUTE
    ../clib/angel/sysapp.c                   0x00000000   Number         0  sys_wrch.o ABSOLUTE
    ../clib/angel/sysapp.c                   0x00000000   Number         0  sys_wrch_hlt.o ABSOLUTE
    ../clib/angel/sysapp.c                   0x00000000   Number         0  sys_command.o ABSOLUTE
    ../clib/angel/sysapp.c                   0x00000000   Number         0  sys_command_hlt.o ABSOLUTE
    ../clib/armsys.c                         0x00000000   Number         0  argv_veneer.o ABSOLUTE
    ../clib/armsys.c                         0x00000000   Number         0  _get_argv_nomalloc.o ABSOLUTE
    ../clib/armsys.c                         0x00000000   Number         0  no_argv.o ABSOLUTE
    ../clib/division.s                       0x00000000   Number         0  aeabi_sdiv.o ABSOLUTE
    ../clib/division.s                       0x00000000   Number         0  aeabi_sdiv_div0.o ABSOLUTE
    ../clib/heapalloc.c                      0x00000000   Number         0  hrguard.o ABSOLUTE
    ../clib/heapaux.c                        0x00000000   Number         0  heapauxi.o ABSOLUTE
    ../clib/libinit.s                        0x00000000   Number         0  libinit.o ABSOLUTE
    ../clib/libinit.s                        0x00000000   Number         0  libinit2.o ABSOLUTE
    ../clib/libinit.s                        0x00000000   Number         0  libshutdown.o ABSOLUTE
    ../clib/libinit.s                        0x00000000   Number         0  libshutdown2.o ABSOLUTE
    ../clib/signal.c                         0x00000000   Number         0  defsig_fpe_outer.o ABSOLUTE
    ../clib/signal.c                         0x00000000   Number         0  defsig_fpe_formal.o ABSOLUTE
    ../clib/signal.c                         0x00000000   Number         0  defsig_exit.o ABSOLUTE
    ../clib/signal.c                         0x00000000   Number         0  defsig_fpe_inner.o ABSOLUTE
    ../clib/signal.c                         0x00000000   Number         0  __raise.o ABSOLUTE
    ../clib/signal.c                         0x00000000   Number         0  defsig_general.o ABSOLUTE
    ../clib/signal.c                         0x00000000   Number         0  defsig_abrt_inner.o ABSOLUTE
    ../clib/signal.c                         0x00000000   Number         0  defsig_rtred_inner.o ABSOLUTE
    ../clib/signal.c                         0x00000000   Number         0  defsig_rtmem_inner.o ABSOLUTE
    ../clib/signal.c                         0x00000000   Number         0  defsig_rtmem_outer.o ABSOLUTE
    ../clib/signal.c                         0x00000000   Number         0  defsig_rtmem_formal.o ABSOLUTE
    ../clib/signal.c                         0x00000000   Number         0  defsig_stak_inner.o ABSOLUTE
    ../clib/signal.c                         0x00000000   Number         0  defsig_pvfn_inner.o ABSOLUTE
    ../clib/signal.c                         0x00000000   Number         0  defsig_cppl_inner.o ABSOLUTE
    ../clib/signal.c                         0x00000000   Number         0  defsig_segv_inner.o ABSOLUTE
    ../clib/signal.c                         0x00000000   Number         0  defsig_other.o ABSOLUTE
    ../clib/signal.s                         0x00000000   Number         0  defsig.o ABSOLUTE
    ../clib/stdlib.c                         0x00000000   Number         0  exit.o ABSOLUTE
    ../fplib/cfplib/fpinit.c                 0x00000000   Number         0  fpinit.o ABSOLUTE
    Buzzer.c                                 0x00000000   Number         0  buzzer.o ABSOLUTE
    CT16B0.c                                 0x00000000   Number         0  ct16b0.o ABSOLUTE
    CT16B1.c                                 0x00000000   Number         0  ct16b1.o ABSOLUTE
    EEPROM.c                                 0x00000000   Number         0  eeprom.o ABSOLUTE
    GPIO.c                                   0x00000000   Number         0  gpio.o ABSOLUTE
    I2C0.c                                   0x00000000   Number         0  i2c0.o ABSOLUTE
    KeyScan.c                                0x00000000   Number         0  keyscan.o ABSOLUTE
    PFPA.c                                   0x00000000   Number         0  pfpa.o ABSOLUTE
    RTE/Device/SN32F407F/startup_SN32F400.s  0x00000000   Number         0  startup_sn32f400.o ABSOLUTE
    Segment.c                                0x00000000   Number         0  segment.o ABSOLUTE
    SysTick.c                                0x00000000   Number         0  systick.o ABSOLUTE
    Utility.c                                0x00000000   Number         0  utility.o ABSOLUTE
    WDT.c                                    0x00000000   Number         0  wdt.o ABSOLUTE
    dc.s                                     0x00000000   Number         0  dc.o ABSOLUTE
    main.c                                   0x00000000   Number         0  main.o ABSOLUTE
    system_SN32F400.c                        0x00000000   Number         0  system_sn32f400.o ABSOLUTE
    RESET                                    0x00000000   Section      192  startup_sn32f400.o(RESET)
    !!!main                                  0x000000c0   Section        8  __main.o(!!!main)
    !!!scatter                               0x000000c8   Section       84  __scatter.o(!!!scatter)
    !!handler_null                           0x0000011c   Section        2  __scatter.o(!!handler_null)
    !!handler_zi                             0x00000120   Section       28  __scatter_zi.o(!!handler_zi)
    .ARM.Collect$$libinit$$00000000          0x0000013c   Section        2  libinit.o(.ARM.Collect$$libinit$$00000000)
    .ARM.Collect$$libinit$$00000002          0x0000013e   Section        0  libinit2.o(.ARM.Collect$$libinit$$00000002)
    .ARM.Collect$$libinit$$00000004          0x0000013e   Section        0  libinit2.o(.ARM.Collect$$libinit$$00000004)
    .ARM.Collect$$libinit$$00000006          0x0000013e   Section        0  libinit2.o(.ARM.Collect$$libinit$$00000006)
    .ARM.Collect$$libinit$$0000000C          0x0000013e   Section        0  libinit2.o(.ARM.Collect$$libinit$$0000000C)
    .ARM.Collect$$libinit$$0000000E          0x0000013e   Section        0  libinit2.o(.ARM.Collect$$libinit$$0000000E)
    .ARM.Collect$$libinit$$00000010          0x0000013e   Section        0  libinit2.o(.ARM.Collect$$libinit$$00000010)
    .ARM.Collect$$libinit$$00000013          0x0000013e   Section        0  libinit2.o(.ARM.Collect$$libinit$$00000013)
    .ARM.Collect$$libinit$$00000015          0x0000013e   Section        0  libinit2.o(.ARM.Collect$$libinit$$00000015)
    .ARM.Collect$$libinit$$00000017          0x0000013e   Section        0  libinit2.o(.ARM.Collect$$libinit$$00000017)
    .ARM.Collect$$libinit$$00000019          0x0000013e   Section        0  libinit2.o(.ARM.Collect$$libinit$$00000019)
    .ARM.Collect$$libinit$$0000001B          0x0000013e   Section        0  libinit2.o(.ARM.Collect$$libinit$$0000001B)
    .ARM.Collect$$libinit$$0000001D          0x0000013e   Section        0  libinit2.o(.ARM.Collect$$libinit$$0000001D)
    .ARM.Collect$$libinit$$0000001F          0x0000013e   Section        0  libinit2.o(.ARM.Collect$$libinit$$0000001F)
    .ARM.Collect$$libinit$$00000021          0x0000013e   Section        0  libinit2.o(.ARM.Collect$$libinit$$00000021)
    .ARM.Collect$$libinit$$00000023          0x0000013e   Section        0  libinit2.o(.ARM.Collect$$libinit$$00000023)
    .ARM.Collect$$libinit$$00000025          0x0000013e   Section        0  libinit2.o(.ARM.Collect$$libinit$$00000025)
    .ARM.Collect$$libinit$$00000027          0x0000013e   Section        0  libinit2.o(.ARM.Collect$$libinit$$00000027)
    .ARM.Collect$$libinit$$0000002E          0x0000013e   Section        0  libinit2.o(.ARM.Collect$$libinit$$0000002E)
    .ARM.Collect$$libinit$$00000030          0x0000013e   Section        0  libinit2.o(.ARM.Collect$$libinit$$00000030)
    .ARM.Collect$$libinit$$00000032          0x0000013e   Section        0  libinit2.o(.ARM.Collect$$libinit$$00000032)
    .ARM.Collect$$libinit$$00000034          0x0000013e   Section        0  libinit2.o(.ARM.Collect$$libinit$$00000034)
    .ARM.Collect$$libinit$$00000035          0x0000013e   Section        2  libinit2.o(.ARM.Collect$$libinit$$00000035)
    .ARM.Collect$$libshutdown$$00000000      0x00000140   Section        2  libshutdown.o(.ARM.Collect$$libshutdown$$00000000)
    .ARM.Collect$$libshutdown$$00000002      0x00000142   Section        0  libshutdown2.o(.ARM.Collect$$libshutdown$$00000002)
    .ARM.Collect$$libshutdown$$00000004      0x00000142   Section        0  libshutdown2.o(.ARM.Collect$$libshutdown$$00000004)
    .ARM.Collect$$libshutdown$$00000007      0x00000142   Section        0  libshutdown2.o(.ARM.Collect$$libshutdown$$00000007)
    .ARM.Collect$$libshutdown$$0000000A      0x00000142   Section        0  libshutdown2.o(.ARM.Collect$$libshutdown$$0000000A)
    .ARM.Collect$$libshutdown$$0000000C      0x00000142   Section        0  libshutdown2.o(.ARM.Collect$$libshutdown$$0000000C)
    .ARM.Collect$$libshutdown$$0000000F      0x00000142   Section        0  libshutdown2.o(.ARM.Collect$$libshutdown$$0000000F)
    .ARM.Collect$$libshutdown$$00000010      0x00000142   Section        2  libshutdown2.o(.ARM.Collect$$libshutdown$$00000010)
    .ARM.Collect$$rtentry$$00000000          0x00000144   Section        0  __rtentry.o(.ARM.Collect$$rtentry$$00000000)
    .ARM.Collect$$rtentry$$00000002          0x00000144   Section        0  __rtentry2.o(.ARM.Collect$$rtentry$$00000002)
    .ARM.Collect$$rtentry$$00000004          0x00000144   Section        6  __rtentry4.o(.ARM.Collect$$rtentry$$00000004)
    .ARM.Collect$$rtentry$$00000009          0x0000014a   Section        0  __rtentry2.o(.ARM.Collect$$rtentry$$00000009)
    .ARM.Collect$$rtentry$$0000000A          0x0000014a   Section        4  __rtentry2.o(.ARM.Collect$$rtentry$$0000000A)
    .ARM.Collect$$rtentry$$0000000C          0x0000014e   Section        0  __rtentry2.o(.ARM.Collect$$rtentry$$0000000C)
    .ARM.Collect$$rtentry$$0000000D          0x0000014e   Section        8  __rtentry2.o(.ARM.Collect$$rtentry$$0000000D)
    .ARM.Collect$$rtexit$$00000000           0x00000156   Section        2  rtexit.o(.ARM.Collect$$rtexit$$00000000)
    .ARM.Collect$$rtexit$$00000002           0x00000158   Section        0  rtexit2.o(.ARM.Collect$$rtexit$$00000002)
    .ARM.Collect$$rtexit$$00000003           0x00000158   Section        4  rtexit2.o(.ARM.Collect$$rtexit$$00000003)
    .ARM.Collect$$rtexit$$00000004           0x0000015c   Section        6  rtexit2.o(.ARM.Collect$$rtexit$$00000004)
    .text                                    0x00000164   Section       60  startup_sn32f400.o(.text)
    .text                                    0x000001a0   Section      364  aeabi_sdiv.o(.text)
    .text                                    0x0000030c   Section        0  heapauxi.o(.text)
    .text                                    0x00000312   Section       62  sys_stackheap_outer.o(.text)
    .text                                    0x00000350   Section        0  exit.o(.text)
    .text                                    0x00000360   Section        8  libspace.o(.text)
    .text                                    0x00000368   Section        0  sys_exit.o(.text)
    .text                                    0x00000374   Section        2  use_no_semi.o(.text)
    .text                                    0x00000376   Section        0  indicate_semi.o(.text)
    [Anonymous Symbol]                       0x00000378   Section        0  ct16b0.o(.text.CT16B0_IRQHandler)
    __arm_cp.0_0                             0x0000038c   Number         4  ct16b0.o(.text.CT16B0_IRQHandler)
    __arm_cp.0_1                             0x00000390   Number         4  ct16b0.o(.text.CT16B0_IRQHandler)
    [Anonymous Symbol]                       0x00000394   Section        0  ct16b0.o(.text.CT16B0_Init)
    __arm_cp.1_1                             0x000003d8   Number         4  ct16b0.o(.text.CT16B0_Init)
    __arm_cp.1_3                             0x000003dc   Number         4  ct16b0.o(.text.CT16B0_Init)
    __arm_cp.1_4                             0x000003e0   Number         4  ct16b0.o(.text.CT16B0_Init)
    __arm_cp.1_5                             0x000003e4   Number         4  ct16b0.o(.text.CT16B0_Init)
    __arm_cp.1_6                             0x000003e8   Number         4  ct16b0.o(.text.CT16B0_Init)
    [Anonymous Symbol]                       0x000003ec   Section        0  ct16b1.o(.text.CT16B1_IRQHandler)
    __arm_cp.0_0                             0x00000414   Number         4  ct16b1.o(.text.CT16B1_IRQHandler)
    __arm_cp.0_1                             0x00000418   Number         4  ct16b1.o(.text.CT16B1_IRQHandler)
    __arm_cp.0_2                             0x0000041c   Number         4  ct16b1.o(.text.CT16B1_IRQHandler)
    [Anonymous Symbol]                       0x00000420   Section        0  ct16b1.o(.text.CT16B1_Init)
    __arm_cp.1_1                             0x00000460   Number         4  ct16b1.o(.text.CT16B1_Init)
    __arm_cp.1_2                             0x00000464   Number         4  ct16b1.o(.text.CT16B1_Init)
    __arm_cp.1_3                             0x00000468   Number         4  ct16b1.o(.text.CT16B1_Init)
    __arm_cp.1_4                             0x0000046c   Number         4  ct16b1.o(.text.CT16B1_Init)
    [Anonymous Symbol]                       0x00000470   Section        0  segment.o(.text.Digital_Scan)
    __arm_cp.2_2                             0x000004f8   Number         4  segment.o(.text.Digital_Scan)
    __arm_cp.2_4                             0x000004fc   Number         4  segment.o(.text.Digital_Scan)
    __arm_cp.2_5                             0x00000500   Number         4  segment.o(.text.Digital_Scan)
    [Anonymous Symbol]                       0x00000504   Section        0  gpio.o(.text.GPIO_Init)
    __arm_cp.0_2                             0x0000054c   Number         4  gpio.o(.text.GPIO_Init)
    __arm_cp.0_3                             0x00000550   Number         4  gpio.o(.text.GPIO_Init)
    __arm_cp.0_5                             0x00000554   Number         4  gpio.o(.text.GPIO_Init)
    __arm_cp.0_6                             0x00000558   Number         4  gpio.o(.text.GPIO_Init)
    __arm_cp.0_7                             0x0000055c   Number         4  gpio.o(.text.GPIO_Init)
    [Anonymous Symbol]                       0x00000560   Section        0  main.o(.text.HardFault_Handler)
    [Anonymous Symbol]                       0x00000564   Section        0  i2c0.o(.text.I2C0_IRQHandler)
    [Anonymous Symbol]                       0x00000570   Section        0  i2c0.o(.text.I2C0_Init)
    __arm_cp.1_0                             0x00000594   Number         4  i2c0.o(.text.I2C0_Init)
    __arm_cp.1_1                             0x00000598   Number         4  i2c0.o(.text.I2C0_Init)
    __arm_cp.1_2                             0x0000059c   Number         4  i2c0.o(.text.I2C0_Init)
    [Anonymous Symbol]                       0x000005a0   Section        0  i2c0.o(.text.I2C0_Start)
    [Anonymous Symbol]                       0x000005c4   Section        0  i2c0.o(.text.I2C0_Stop)
    [Anonymous Symbol]                       0x000005e8   Section        0  i2c0.o(.text.I2C_read_byte)
    __arm_cp.5_1                             0x00000634   Number         4  i2c0.o(.text.I2C_read_byte)
    __arm_cp.5_2                             0x00000638   Number         4  i2c0.o(.text.I2C_read_byte)
    [Anonymous Symbol]                       0x0000063c   Section        0  i2c0.o(.text.I2C_write_byte)
    __arm_cp.4_0                             0x00000688   Number         4  i2c0.o(.text.I2C_write_byte)
    __arm_cp.4_1                             0x0000068c   Number         4  i2c0.o(.text.I2C_write_byte)
    [Anonymous Symbol]                       0x00000690   Section        0  keyscan.o(.text.KeyScan)
    __arm_cp.0_0                             0x000007a4   Number         4  keyscan.o(.text.KeyScan)
    __arm_cp.0_1                             0x000007a8   Number         4  keyscan.o(.text.KeyScan)
    __arm_cp.0_2                             0x000007ac   Number         4  keyscan.o(.text.KeyScan)
    __arm_cp.0_3                             0x000007b0   Number         4  keyscan.o(.text.KeyScan)
    __arm_cp.0_5                             0x000007b4   Number         4  keyscan.o(.text.KeyScan)
    __arm_cp.0_6                             0x000007b8   Number         4  keyscan.o(.text.KeyScan)
    __arm_cp.0_7                             0x000007bc   Number         4  keyscan.o(.text.KeyScan)
    __arm_cp.0_8                             0x000007c0   Number         4  keyscan.o(.text.KeyScan)
    __arm_cp.0_9                             0x000007c4   Number         4  keyscan.o(.text.KeyScan)
    __arm_cp.0_10                            0x000007c8   Number         4  keyscan.o(.text.KeyScan)
    [Anonymous Symbol]                       0x000007cc   Section        0  gpio.o(.text.P0_IRQHandler)
    __arm_cp.1_0                             0x000007d4   Number         4  gpio.o(.text.P0_IRQHandler)
    [Anonymous Symbol]                       0x000007d8   Section        0  gpio.o(.text.P1_IRQHandler)
    __arm_cp.2_0                             0x000007e0   Number         4  gpio.o(.text.P1_IRQHandler)
    [Anonymous Symbol]                       0x000007e4   Section        0  gpio.o(.text.P2_IRQHandler)
    __arm_cp.3_0                             0x000007ec   Number         4  gpio.o(.text.P2_IRQHandler)
    [Anonymous Symbol]                       0x000007f0   Section        0  gpio.o(.text.P3_IRQHandler)
    __arm_cp.4_0                             0x000007f8   Number         4  gpio.o(.text.P3_IRQHandler)
    __arm_cp.4_1                             0x000007fc   Number         4  gpio.o(.text.P3_IRQHandler)
    [Anonymous Symbol]                       0x00000800   Section        0  pfpa.o(.text.PFPA_Init)
    __arm_cp.0_0                             0x00000828   Number         4  pfpa.o(.text.PFPA_Init)
    __arm_cp.0_1                             0x0000082c   Number         4  pfpa.o(.text.PFPA_Init)
    __arm_cp.0_2                             0x00000830   Number         4  pfpa.o(.text.PFPA_Init)
    __arm_cp.0_3                             0x00000834   Number         4  pfpa.o(.text.PFPA_Init)
    __arm_cp.0_4                             0x00000838   Number         4  pfpa.o(.text.PFPA_Init)
    __arm_cp.0_5                             0x0000083c   Number         4  pfpa.o(.text.PFPA_Init)
    __arm_cp.0_6                             0x00000840   Number         4  pfpa.o(.text.PFPA_Init)
    __arm_cp.0_7                             0x00000844   Number         4  pfpa.o(.text.PFPA_Init)
    [Anonymous Symbol]                       0x00000848   Section        0  systick.o(.text.SysTick_Handler)
    __arm_cp.2_0                             0x00000878   Number         4  systick.o(.text.SysTick_Handler)
    __arm_cp.2_1                             0x0000087c   Number         4  systick.o(.text.SysTick_Handler)
    __arm_cp.2_2                             0x00000880   Number         4  systick.o(.text.SysTick_Handler)
    [Anonymous Symbol]                       0x00000884   Section        0  system_sn32f400.o(.text.SystemCoreClockUpdate)
    __arm_cp.0_1                             0x000009e8   Number         4  system_sn32f400.o(.text.SystemCoreClockUpdate)
    __arm_cp.0_2                             0x000009ec   Number         4  system_sn32f400.o(.text.SystemCoreClockUpdate)
    __arm_cp.0_3                             0x000009f0   Number         4  system_sn32f400.o(.text.SystemCoreClockUpdate)
    __arm_cp.0_4                             0x000009f4   Number         4  system_sn32f400.o(.text.SystemCoreClockUpdate)
    __arm_cp.0_5                             0x000009f8   Number         4  system_sn32f400.o(.text.SystemCoreClockUpdate)
    __arm_cp.0_7                             0x000009fc   Number         4  system_sn32f400.o(.text.SystemCoreClockUpdate)
    __arm_cp.0_9                             0x00000a00   Number         4  system_sn32f400.o(.text.SystemCoreClockUpdate)
    __arm_cp.0_10                            0x00000a04   Number         4  system_sn32f400.o(.text.SystemCoreClockUpdate)
    __arm_cp.0_11                            0x00000a08   Number         4  system_sn32f400.o(.text.SystemCoreClockUpdate)
    __arm_cp.0_13                            0x00000a0c   Number         4  system_sn32f400.o(.text.SystemCoreClockUpdate)
    __arm_cp.0_14                            0x00000a10   Number         4  system_sn32f400.o(.text.SystemCoreClockUpdate)
    [Anonymous Symbol]                       0x00000a14   Section        0  system_sn32f400.o(.text.SystemInit)
    __arm_cp.1_0                             0x00000a4c   Number         4  system_sn32f400.o(.text.SystemInit)
    __arm_cp.1_1                             0x00000a50   Number         4  system_sn32f400.o(.text.SystemInit)
    __arm_cp.1_2                             0x00000a54   Number         4  system_sn32f400.o(.text.SystemInit)
    __arm_cp.1_3                             0x00000a58   Number         4  system_sn32f400.o(.text.SystemInit)
    [Anonymous Symbol]                       0x00000a5c   Section        0  utility.o(.text.UT_DelayNms)
    [Anonymous Symbol]                       0x00000a84   Section        0  utility.o(.text.UT_DelayNx10us)
    [Anonymous Symbol]                       0x00000aa4   Section        0  wdt.o(.text.WDT_IRQHandler)
    [Anonymous Symbol]                       0x00000abc   Section        0  wdt.o(.text.WDT_Init)
    __arm_cp.1_1                             0x00000af0   Number         4  wdt.o(.text.WDT_Init)
    __arm_cp.1_2                             0x00000af4   Number         4  wdt.o(.text.WDT_Init)
    [Anonymous Symbol]                       0x00000af8   Section        0  wdt.o(.text.WDT_ReloadValue)
    __arm_cp.2_0                             0x00000b10   Number         4  wdt.o(.text.WDT_ReloadValue)
    __arm_cp.2_1                             0x00000b14   Number         4  wdt.o(.text.WDT_ReloadValue)
    __arm_cp.2_2                             0x00000b18   Number         4  wdt.o(.text.WDT_ReloadValue)
    __arm_cp.2_3                             0x00000b1c   Number         4  wdt.o(.text.WDT_ReloadValue)
    __NVIC_EnableIRQ                         0x00000b21   Thumb Code    40  ct16b1.o(.text.__NVIC_EnableIRQ)
    [Anonymous Symbol]                       0x00000b20   Section        0  ct16b1.o(.text.__NVIC_EnableIRQ)
    __arm_cp.2_0                             0x00000b48   Number         4  ct16b1.o(.text.__NVIC_EnableIRQ)
    __NVIC_SystemReset                       0x00000b4d   Thumb Code    20  main.o(.text.__NVIC_SystemReset)
    [Anonymous Symbol]                       0x00000b4c   Section        0  main.o(.text.__NVIC_SystemReset)
    __arm_cp.12_0                            0x00000b60   Number         4  main.o(.text.__NVIC_SystemReset)
    __arm_cp.12_1                            0x00000b64   Number         4  main.o(.text.__NVIC_SystemReset)
    buzzer_beep                              0x00000b69   Thumb Code    24  main.o(.text.buzzer_beep)
    [Anonymous Symbol]                       0x00000b68   Section        0  main.o(.text.buzzer_beep)
    buzzer_off                               0x00000b81   Thumb Code    36  main.o(.text.buzzer_off)
    [Anonymous Symbol]                       0x00000b80   Section        0  main.o(.text.buzzer_off)
    decrement_alarm_hour                     0x00000ba5   Thumb Code    44  main.o(.text.decrement_alarm_hour)
    [Anonymous Symbol]                       0x00000ba4   Section        0  main.o(.text.decrement_alarm_hour)
    decrement_alarm_minute                   0x00000bd1   Thumb Code    44  main.o(.text.decrement_alarm_minute)
    [Anonymous Symbol]                       0x00000bd0   Section        0  main.o(.text.decrement_alarm_minute)
    decrement_hour                           0x00000bfd   Thumb Code    40  main.o(.text.decrement_hour)
    [Anonymous Symbol]                       0x00000bfc   Section        0  main.o(.text.decrement_hour)
    decrement_minute                         0x00000c25   Thumb Code    40  main.o(.text.decrement_minute)
    [Anonymous Symbol]                       0x00000c24   Section        0  main.o(.text.decrement_minute)
    eeprom_load_alarm                        0x00000c4d   Thumb Code    76  main.o(.text.eeprom_load_alarm)
    [Anonymous Symbol]                       0x00000c4c   Section        0  main.o(.text.eeprom_load_alarm)
    [Anonymous Symbol]                       0x00000c98   Section        0  eeprom.o(.text.eeprom_read)
    eeprom_save_alarm                        0x00000d31   Thumb Code    36  main.o(.text.eeprom_save_alarm)
    [Anonymous Symbol]                       0x00000d30   Section        0  main.o(.text.eeprom_save_alarm)
    [Anonymous Symbol]                       0x00000d54   Section        0  eeprom.o(.text.eeprom_write)
    handle_alarm                             0x00000dc9   Thumb Code   164  main.o(.text.handle_alarm)
    [Anonymous Symbol]                       0x00000dc8   Section        0  main.o(.text.handle_alarm)
    __arm_cp.4_1                             0x00000e6c   Number         4  main.o(.text.handle_alarm)
    __arm_cp.4_2                             0x00000e70   Number         4  main.o(.text.handle_alarm)
    __arm_cp.4_3                             0x00000e74   Number         4  main.o(.text.handle_alarm)
    __arm_cp.4_4                             0x00000e78   Number         4  main.o(.text.handle_alarm)
    handle_blink                             0x00000e7d   Thumb Code    40  main.o(.text.handle_blink)
    [Anonymous Symbol]                       0x00000e7c   Section        0  main.o(.text.handle_blink)
    handle_buzzer                            0x00000ea5   Thumb Code    52  main.o(.text.handle_buzzer)
    [Anonymous Symbol]                       0x00000ea4   Section        0  main.o(.text.handle_buzzer)
    __arm_cp.5_0                             0x00000ed8   Number         4  main.o(.text.handle_buzzer)
    __arm_cp.5_1                             0x00000edc   Number         4  main.o(.text.handle_buzzer)
    handle_keys                              0x00000ee1   Thumb Code   260  main.o(.text.handle_keys)
    [Anonymous Symbol]                       0x00000ee0   Section        0  main.o(.text.handle_keys)
    __arm_cp.2_1                             0x00000fe4   Number         4  main.o(.text.handle_keys)
    handle_led_indicator                     0x00000fe9   Thumb Code    56  main.o(.text.handle_led_indicator)
    [Anonymous Symbol]                       0x00000fe8   Section        0  main.o(.text.handle_led_indicator)
    __arm_cp.9_1                             0x00001020   Number         4  main.o(.text.handle_led_indicator)
    __arm_cp.9_2                             0x00001024   Number         4  main.o(.text.handle_led_indicator)
    handle_timeout                           0x00001029   Thumb Code    52  main.o(.text.handle_timeout)
    [Anonymous Symbol]                       0x00001028   Section        0  main.o(.text.handle_timeout)
    __arm_cp.7_0                             0x0000105c   Number         4  main.o(.text.handle_timeout)
    __arm_cp.7_1                             0x00001060   Number         4  main.o(.text.handle_timeout)
    increment_alarm_hour                     0x00001065   Thumb Code    44  main.o(.text.increment_alarm_hour)
    [Anonymous Symbol]                       0x00001064   Section        0  main.o(.text.increment_alarm_hour)
    increment_alarm_minute                   0x00001091   Thumb Code    44  main.o(.text.increment_alarm_minute)
    [Anonymous Symbol]                       0x00001090   Section        0  main.o(.text.increment_alarm_minute)
    __arm_cp.21_0                            0x000010bc   Number         4  main.o(.text.increment_alarm_minute)
    __arm_cp.21_1                            0x000010c0   Number         4  main.o(.text.increment_alarm_minute)
    increment_hour                           0x000010c5   Thumb Code    40  main.o(.text.increment_hour)
    [Anonymous Symbol]                       0x000010c4   Section        0  main.o(.text.increment_hour)
    increment_minute                         0x000010ed   Thumb Code    40  main.o(.text.increment_minute)
    [Anonymous Symbol]                       0x000010ec   Section        0  main.o(.text.increment_minute)
    __arm_cp.19_0                            0x00001114   Number         4  main.o(.text.increment_minute)
    [Anonymous Symbol]                       0x00001118   Section        0  main.o(.text.main)
    __arm_cp.0_0                             0x00001174   Number         4  main.o(.text.main)
    __arm_cp.0_1                             0x00001178   Number         4  main.o(.text.main)
    __arm_cp.0_2                             0x0000117c   Number         4  main.o(.text.main)
    on_alarm_set_pressed                     0x00001181   Thumb Code    84  main.o(.text.on_alarm_set_pressed)
    [Anonymous Symbol]                       0x00001180   Section        0  main.o(.text.on_alarm_set_pressed)
    __arm_cp.17_0                            0x000011d4   Number         4  main.o(.text.on_alarm_set_pressed)
    on_setup_pressed                         0x000011d9   Thumb Code    56  main.o(.text.on_setup_pressed)
    [Anonymous Symbol]                       0x000011d8   Section        0  main.o(.text.on_setup_pressed)
    __arm_cp.16_0                            0x00001210   Number         4  main.o(.text.on_setup_pressed)
    [Anonymous Symbol]                       0x00001214   Section        0  buzzer.o(.text.set_buzzer_pitch)
    __arm_cp.0_0                             0x0000125c   Number         4  buzzer.o(.text.set_buzzer_pitch)
    __arm_cp.0_1                             0x00001260   Number         4  buzzer.o(.text.set_buzzer_pitch)
    __arm_cp.0_2                             0x00001264   Number         4  buzzer.o(.text.set_buzzer_pitch)
    set_colon                                0x00001269   Thumb Code    48  main.o(.text.set_colon)
    [Anonymous Symbol]                       0x00001268   Section        0  main.o(.text.set_colon)
    set_segment_digit                        0x00001299   Thumb Code    52  main.o(.text.set_segment_digit)
    [Anonymous Symbol]                       0x00001298   Section        0  main.o(.text.set_segment_digit)
    __arm_cp.27_0                            0x000012cc   Number         4  main.o(.text.set_segment_digit)
    system_init                              0x000012d1   Thumb Code    96  main.o(.text.system_init)
    [Anonymous Symbol]                       0x000012d0   Section        0  main.o(.text.system_init)
    __arm_cp.1_0                             0x00001330   Number         4  main.o(.text.system_init)
    __arm_cp.1_1                             0x00001334   Number         4  main.o(.text.system_init)
    __arm_cp.1_2                             0x00001338   Number         4  main.o(.text.system_init)
    __arm_cp.1_3                             0x0000133c   Number         4  main.o(.text.system_init)
    __arm_cp.1_4                             0x00001340   Number         4  main.o(.text.system_init)
    update_display                           0x00001345   Thumb Code   300  main.o(.text.update_display)
    [Anonymous Symbol]                       0x00001344   Section        0  main.o(.text.update_display)
    __arm_cp.6_0                             0x00001470   Number         4  main.o(.text.update_display)
    __arm_cp.6_1                             0x00001474   Number         4  main.o(.text.update_display)
    __arm_cp.6_2                             0x00001478   Number         4  main.o(.text.update_display)
    __arm_cp.6_3                             0x0000147c   Number         4  main.o(.text.update_display)
    update_time                              0x00001481   Thumb Code   112  main.o(.text.update_time)
    [Anonymous Symbol]                       0x00001480   Section        0  main.o(.text.update_time)
    __arm_cp.3_0                             0x000014f0   Number         4  main.o(.text.update_time)
    __arm_cp.3_1                             0x000014f4   Number         4  main.o(.text.update_time)
    __arm_cp.3_2                             0x000014f8   Number         4  main.o(.text.update_time)
    segment_map                              0x0000151c   Data          10  main.o(.rodata.segment_map)
    [Anonymous Symbol]                       0x0000151c   Section        0  main.o(.rodata.segment_map)
    .ARM.__at_0x00007FFC                     0x00007ffc   Section        4  startup_sn32f400.o(.ARM.__at_0x00007FFC)
    .bss                                     0x20000000   Section       96  libspace.o(.bss)
    SysTick_Handler.i                        0x20000060   Data           4  systick.o(.bss.SysTick_Handler.i)
    [Anonymous Symbol]                       0x20000060   Section        0  systick.o(.bss.SysTick_Handler.i)
    alarm_time                               0x20000068   Data           2  main.o(.bss.alarm_time)
    [Anonymous Symbol]                       0x20000068   Section        0  main.o(.bss.alarm_time)
    alarm_timer_ms                           0x2000006c   Data           4  main.o(.bss.alarm_timer_ms)
    [Anonymous Symbol]                       0x2000006c   Section        0  main.o(.bss.alarm_timer_ms)
    beep_timer                               0x20000070   Data           2  main.o(.bss.beep_timer)
    [Anonymous Symbol]                       0x20000070   Section        0  main.o(.bss.beep_timer)
    blink_timer_ms                           0x20000074   Data           4  main.o(.bss.blink_timer_ms)
    [Anonymous Symbol]                       0x20000074   Section        0  main.o(.bss.blink_timer_ms)
    current_time                             0x20000079   Data           3  main.o(.bss.current_time)
    [Anonymous Symbol]                       0x20000079   Section        0  main.o(.bss.current_time)
    fast_time_counter                        0x2000007c   Data           2  main.o(.bss.fast_time_counter)
    [Anonymous Symbol]                       0x2000007c   Section        0  main.o(.bss.fast_time_counter)
    sys_state                                0x20000088   Data           8  main.o(.bss.sys_state)
    [Anonymous Symbol]                       0x20000088   Section        0  main.o(.bss.sys_state)
    Heap_Mem                                 0x20000098   Data           0  startup_sn32f400.o(HEAP)
    Stack_Mem                                0x20000098   Data         512  startup_sn32f400.o(STACK)
    HEAP                                     0x20000098   Section        0  startup_sn32f400.o(HEAP)
    STACK                                    0x20000098   Section      512  startup_sn32f400.o(STACK)
    __initial_sp                             0x20000298   Data           0  startup_sn32f400.o(STACK)

    Global Symbols

    Symbol Name                              Value     Ov Type        Size  Object(Section)

    BuildAttributes$$THM_ISAv3M$S$PE$A:L22$X:L11$S22$IEEE1$IW$~IW$USESV6$~STKCKD$USESV7$~SHL$OSPACE$ROPI$EBA8$UX$STANDARDLIB$REQ8$PRES8$EABIv2 0x00000000   Number         0  anon$$obj.o ABSOLUTE
    __Vectors                                0x00000000   Data           4  startup_sn32f400.o(RESET)
    __ARM_exceptions_init                     - Undefined Weak Reference
    __alloca_initialize                       - Undefined Weak Reference
    __arm_preinit_                            - Undefined Weak Reference
    __arm_relocate_pie_                       - Undefined Weak Reference
    __cpp_initialize__aeabi_                  - Undefined Weak Reference
    __cxa_finalize                            - Undefined Weak Reference
    __rt_locale                               - Undefined Weak Reference
    __sigvec_lookup                           - Undefined Weak Reference
    _atexit_init                              - Undefined Weak Reference
    _call_atexit_fns                          - Undefined Weak Reference
    _clock_init                               - Undefined Weak Reference
    _fp_trap_init                             - Undefined Weak Reference
    _fp_trap_shutdown                         - Undefined Weak Reference
    _get_lc_collate                           - Undefined Weak Reference
    _get_lc_ctype                             - Undefined Weak Reference
    _get_lc_monetary                          - Undefined Weak Reference
    _get_lc_numeric                           - Undefined Weak Reference
    _get_lc_time                              - Undefined Weak Reference
    _getenv_init                              - Undefined Weak Reference
    _handle_redirection                       - Undefined Weak Reference
    _init_alloc                               - Undefined Weak Reference
    _init_user_alloc                          - Undefined Weak Reference
    _initio                                   - Undefined Weak Reference
    _rand_init                                - Undefined Weak Reference
    _signal_finish                            - Undefined Weak Reference
    _signal_init                              - Undefined Weak Reference
    _terminate_alloc                          - Undefined Weak Reference
    _terminate_user_alloc                     - Undefined Weak Reference
    _terminateio                              - Undefined Weak Reference
    __main                                   0x000000c1   Thumb Code     8  __main.o(!!!main)
    __scatterload                            0x000000c9   Thumb Code     0  __scatter.o(!!!scatter)
    __scatterload_rt2                        0x000000c9   Thumb Code    74  __scatter.o(!!!scatter)
    __scatterload_rt2_thumb_only             0x000000c9   Thumb Code     0  __scatter.o(!!!scatter)
    __scatterload_loop                       0x000000d3   Thumb Code     0  __scatter.o(!!!scatter)
    __scatterload_null                       0x0000011d   Thumb Code     2  __scatter.o(!!handler_null)
    __scatterload_zeroinit                   0x00000121   Thumb Code    28  __scatter_zi.o(!!handler_zi)
    __rt_lib_init                            0x0000013d   Thumb Code     0  libinit.o(.ARM.Collect$$libinit$$00000000)
    __rt_lib_init_alloca_1                   0x0000013f   Thumb Code     0  libinit2.o(.ARM.Collect$$libinit$$00000030)
    __rt_lib_init_argv_1                     0x0000013f   Thumb Code     0  libinit2.o(.ARM.Collect$$libinit$$0000002E)
    __rt_lib_init_atexit_1                   0x0000013f   Thumb Code     0  libinit2.o(.ARM.Collect$$libinit$$0000001D)
    __rt_lib_init_clock_1                    0x0000013f   Thumb Code     0  libinit2.o(.ARM.Collect$$libinit$$00000023)
    __rt_lib_init_cpp_1                      0x0000013f   Thumb Code     0  libinit2.o(.ARM.Collect$$libinit$$00000034)
    __rt_lib_init_exceptions_1               0x0000013f   Thumb Code     0  libinit2.o(.ARM.Collect$$libinit$$00000032)
    __rt_lib_init_fp_1                       0x0000013f   Thumb Code     0  libinit2.o(.ARM.Collect$$libinit$$00000002)
    __rt_lib_init_fp_trap_1                  0x0000013f   Thumb Code     0  libinit2.o(.ARM.Collect$$libinit$$00000021)
    __rt_lib_init_getenv_1                   0x0000013f   Thumb Code     0  libinit2.o(.ARM.Collect$$libinit$$00000025)
    __rt_lib_init_heap_1                     0x0000013f   Thumb Code     0  libinit2.o(.ARM.Collect$$libinit$$0000000C)
    __rt_lib_init_lc_collate_1               0x0000013f   Thumb Code     0  libinit2.o(.ARM.Collect$$libinit$$00000013)
    __rt_lib_init_lc_ctype_1                 0x0000013f   Thumb Code     0  libinit2.o(.ARM.Collect$$libinit$$00000015)
    __rt_lib_init_lc_monetary_1              0x0000013f   Thumb Code     0  libinit2.o(.ARM.Collect$$libinit$$00000017)
    __rt_lib_init_lc_numeric_1               0x0000013f   Thumb Code     0  libinit2.o(.ARM.Collect$$libinit$$00000019)
    __rt_lib_init_lc_time_1                  0x0000013f   Thumb Code     0  libinit2.o(.ARM.Collect$$libinit$$0000001B)
    __rt_lib_init_preinit_1                  0x0000013f   Thumb Code     0  libinit2.o(.ARM.Collect$$libinit$$00000006)
    __rt_lib_init_rand_1                     0x0000013f   Thumb Code     0  libinit2.o(.ARM.Collect$$libinit$$00000010)
    __rt_lib_init_relocate_pie_1             0x0000013f   Thumb Code     0  libinit2.o(.ARM.Collect$$libinit$$00000004)
    __rt_lib_init_return                     0x0000013f   Thumb Code     0  libinit2.o(.ARM.Collect$$libinit$$00000035)
    __rt_lib_init_signal_1                   0x0000013f   Thumb Code     0  libinit2.o(.ARM.Collect$$libinit$$0000001F)
    __rt_lib_init_stdio_1                    0x0000013f   Thumb Code     0  libinit2.o(.ARM.Collect$$libinit$$00000027)
    __rt_lib_init_user_alloc_1               0x0000013f   Thumb Code     0  libinit2.o(.ARM.Collect$$libinit$$0000000E)
    __rt_lib_shutdown                        0x00000141   Thumb Code     0  libshutdown.o(.ARM.Collect$$libshutdown$$00000000)
    __rt_lib_shutdown_cpp_1                  0x00000143   Thumb Code     0  libshutdown2.o(.ARM.Collect$$libshutdown$$00000002)
    __rt_lib_shutdown_fp_trap_1              0x00000143   Thumb Code     0  libshutdown2.o(.ARM.Collect$$libshutdown$$00000007)
    __rt_lib_shutdown_heap_1                 0x00000143   Thumb Code     0  libshutdown2.o(.ARM.Collect$$libshutdown$$0000000F)
    __rt_lib_shutdown_return                 0x00000143   Thumb Code     0  libshutdown2.o(.ARM.Collect$$libshutdown$$00000010)
    __rt_lib_shutdown_signal_1               0x00000143   Thumb Code     0  libshutdown2.o(.ARM.Collect$$libshutdown$$0000000A)
    __rt_lib_shutdown_stdio_1                0x00000143   Thumb Code     0  libshutdown2.o(.ARM.Collect$$libshutdown$$00000004)
    __rt_lib_shutdown_user_alloc_1           0x00000143   Thumb Code     0  libshutdown2.o(.ARM.Collect$$libshutdown$$0000000C)
    __rt_entry                               0x00000145   Thumb Code     0  __rtentry.o(.ARM.Collect$$rtentry$$00000000)
    __rt_entry_presh_1                       0x00000145   Thumb Code     0  __rtentry2.o(.ARM.Collect$$rtentry$$00000002)
    __rt_entry_sh                            0x00000145   Thumb Code     0  __rtentry4.o(.ARM.Collect$$rtentry$$00000004)
    __rt_entry_li                            0x0000014b   Thumb Code     0  __rtentry2.o(.ARM.Collect$$rtentry$$0000000A)
    __rt_entry_postsh_1                      0x0000014b   Thumb Code     0  __rtentry2.o(.ARM.Collect$$rtentry$$00000009)
    __rt_entry_main                          0x0000014f   Thumb Code     0  __rtentry2.o(.ARM.Collect$$rtentry$$0000000D)
    __rt_entry_postli_1                      0x0000014f   Thumb Code     0  __rtentry2.o(.ARM.Collect$$rtentry$$0000000C)
    __rt_exit                                0x00000157   Thumb Code     0  rtexit.o(.ARM.Collect$$rtexit$$00000000)
    __rt_exit_ls                             0x00000159   Thumb Code     0  rtexit2.o(.ARM.Collect$$rtexit$$00000003)
    __rt_exit_prels_1                        0x00000159   Thumb Code     0  rtexit2.o(.ARM.Collect$$rtexit$$00000002)
    __rt_exit_exit                           0x0000015d   Thumb Code     0  rtexit2.o(.ARM.Collect$$rtexit$$00000004)
    Reset_Handler                            0x00000165   Thumb Code    10  startup_sn32f400.o(.text)
    NMI_Handler                              0x0000016f   Thumb Code     2  startup_sn32f400.o(.text)
    SVC_Handler                              0x00000173   Thumb Code     2  startup_sn32f400.o(.text)
    PendSV_Handler                           0x00000175   Thumb Code     2  startup_sn32f400.o(.text)
    ADC_IRQHandler                           0x00000179   Thumb Code     0  startup_sn32f400.o(.text)
    ATAN_IRQHandler                          0x00000179   Thumb Code     0  startup_sn32f400.o(.text)
    CMP0_IRQHandler                          0x00000179   Thumb Code     0  startup_sn32f400.o(.text)
    CMP1_IRQHandler                          0x00000179   Thumb Code     0  startup_sn32f400.o(.text)
    CMP2_IRQHandler                          0x00000179   Thumb Code     0  startup_sn32f400.o(.text)
    CMP3_IRQHandler                          0x00000179   Thumb Code     0  startup_sn32f400.o(.text)
    CT16B5_IRQHandler                        0x00000179   Thumb Code     0  startup_sn32f400.o(.text)
    DIV_IRQHandler                           0x00000179   Thumb Code     0  startup_sn32f400.o(.text)
    DMA_IRQHandler                           0x00000179   Thumb Code     0  startup_sn32f400.o(.text)
    FOC_IRQHandler                           0x00000179   Thumb Code     0  startup_sn32f400.o(.text)
    LVD_IRQHandler                           0x00000179   Thumb Code     0  startup_sn32f400.o(.text)
    NDT_IRQHandler                           0x00000179   Thumb Code     0  startup_sn32f400.o(.text)
    RTC_IRQHandler                           0x00000179   Thumb Code     0  startup_sn32f400.o(.text)
    SPI0_IRQHandler                          0x00000179   Thumb Code     0  startup_sn32f400.o(.text)
    SQRT_IRQHandler                          0x00000179   Thumb Code     0  startup_sn32f400.o(.text)
    UART0_IRQHandler                         0x00000179   Thumb Code     0  startup_sn32f400.o(.text)
    UART1_IRQHandler                         0x00000179   Thumb Code     0  startup_sn32f400.o(.text)
    __user_initial_stackheap                 0x0000017d   Thumb Code     0  startup_sn32f400.o(.text)
    __aeabi_uidiv                            0x000001a1   Thumb Code     0  aeabi_sdiv.o(.text)
    __aeabi_uidivmod                         0x000001a1   Thumb Code    20  aeabi_sdiv.o(.text)
    __aeabi_idiv                             0x000001b5   Thumb Code     0  aeabi_sdiv.o(.text)
    __aeabi_idivmod                          0x000001b5   Thumb Code   338  aeabi_sdiv.o(.text)
    __use_two_region_memory                  0x0000030d   Thumb Code     2  heapauxi.o(.text)
    __rt_heap_escrow$2region                 0x0000030f   Thumb Code     2  heapauxi.o(.text)
    __rt_heap_expand$2region                 0x00000311   Thumb Code     2  heapauxi.o(.text)
    __user_setup_stackheap                   0x00000313   Thumb Code    62  sys_stackheap_outer.o(.text)
    exit                                     0x00000351   Thumb Code    16  exit.o(.text)
    __user_libspace                          0x00000361   Thumb Code     8  libspace.o(.text)
    __user_perproc_libspace                  0x00000361   Thumb Code     0  libspace.o(.text)
    __user_perthread_libspace                0x00000361   Thumb Code     0  libspace.o(.text)
    _sys_exit                                0x00000369   Thumb Code     8  sys_exit.o(.text)
    __I$use$semihosting                      0x00000375   Thumb Code     0  use_no_semi.o(.text)
    __use_no_semihosting_swi                 0x00000375   Thumb Code     2  use_no_semi.o(.text)
    __semihosting_library_function           0x00000377   Thumb Code     0  indicate_semi.o(.text)
    CT16B0_IRQHandler                        0x00000379   Thumb Code    20  ct16b0.o(.text.CT16B0_IRQHandler)
    CT16B0_Init                              0x00000395   Thumb Code    68  ct16b0.o(.text.CT16B0_Init)
    CT16B1_IRQHandler                        0x000003ed   Thumb Code    40  ct16b1.o(.text.CT16B1_IRQHandler)
    CT16B1_Init                              0x00000421   Thumb Code    64  ct16b1.o(.text.CT16B1_Init)
    Digital_Scan                             0x00000471   Thumb Code   136  segment.o(.text.Digital_Scan)
    GPIO_Init                                0x00000505   Thumb Code    72  gpio.o(.text.GPIO_Init)
    HardFault_Handler                        0x00000561   Thumb Code     4  main.o(.text.HardFault_Handler)
    I2C0_IRQHandler                          0x00000565   Thumb Code    12  i2c0.o(.text.I2C0_IRQHandler)
    I2C0_Init                                0x00000571   Thumb Code    36  i2c0.o(.text.I2C0_Init)
    I2C0_Start                               0x000005a1   Thumb Code    36  i2c0.o(.text.I2C0_Start)
    I2C0_Stop                                0x000005c5   Thumb Code    36  i2c0.o(.text.I2C0_Stop)
    I2C_read_byte                            0x000005e9   Thumb Code    76  i2c0.o(.text.I2C_read_byte)
    I2C_write_byte                           0x0000063d   Thumb Code    76  i2c0.o(.text.I2C_write_byte)
    KeyScan                                  0x00000691   Thumb Code   276  keyscan.o(.text.KeyScan)
    P0_IRQHandler                            0x000007cd   Thumb Code     8  gpio.o(.text.P0_IRQHandler)
    P1_IRQHandler                            0x000007d9   Thumb Code     8  gpio.o(.text.P1_IRQHandler)
    P2_IRQHandler                            0x000007e5   Thumb Code     8  gpio.o(.text.P2_IRQHandler)
    P3_IRQHandler                            0x000007f1   Thumb Code     8  gpio.o(.text.P3_IRQHandler)
    PFPA_Init                                0x00000801   Thumb Code    40  pfpa.o(.text.PFPA_Init)
    SysTick_Handler                          0x00000849   Thumb Code    48  systick.o(.text.SysTick_Handler)
    SystemCoreClockUpdate                    0x00000885   Thumb Code   356  system_sn32f400.o(.text.SystemCoreClockUpdate)
    SystemInit                               0x00000a15   Thumb Code    56  system_sn32f400.o(.text.SystemInit)
    UT_DelayNms                              0x00000a5d   Thumb Code    40  utility.o(.text.UT_DelayNms)
    UT_DelayNx10us                           0x00000a85   Thumb Code    32  utility.o(.text.UT_DelayNx10us)
    WDT_IRQHandler                           0x00000aa5   Thumb Code    24  wdt.o(.text.WDT_IRQHandler)
    WDT_Init                                 0x00000abd   Thumb Code    52  wdt.o(.text.WDT_Init)
    WDT_ReloadValue                          0x00000af9   Thumb Code    24  wdt.o(.text.WDT_ReloadValue)
    eeprom_read                              0x00000c99   Thumb Code   152  eeprom.o(.text.eeprom_read)
    eeprom_write                             0x00000d55   Thumb Code   116  eeprom.o(.text.eeprom_write)
    main                                     0x00001119   Thumb Code    92  main.o(.text.main)
    set_buzzer_pitch                         0x00001215   Thumb Code    72  buzzer.o(.text.set_buzzer_pitch)
    musical_table                            0x000014fc   Data          32  buzzer.o(.rodata.musical_table)
    Region$$Table$$Base                      0x00001528   Number         0  anon$$obj.o(Region$$Table)
    Region$$Table$$Limit                     0x00001538   Number         0  anon$$obj.o(Region$$Table)
    __libspace_start                         0x20000000   Data          96  libspace.o(.bss)
    __temporary_stack_top$libspace           0x20000060   Data           0  libspace.o(.bss)
    SystemCoreClock                          0x20000064   Data           4  system_sn32f400.o(.bss.SystemCoreClock)
    com_scan                                 0x20000078   Data           1  segment.o(.bss.com_scan)
    key_check                                0x2000007e   Data           1  keyscan.o(.bss.key_check)
    key_cvt                                  0x2000007f   Data           1  keyscan.o(.bss.key_cvt)
    key_debounce                             0x20000080   Data           1  keyscan.o(.bss.key_debounce)
    segment_buff                             0x20000081   Data           4  segment.o(.bss.segment_buff)
    timer_1ms_flag                           0x20000090   Data           1  ct16b1.o(.bss.timer_1ms_flag)



==============================================================================

Memory Map of the image

  Image Entry point : 0x00000165

  Load Region LR_1 (Base: 0x00000000, Size: 0x00001538, Max: 0xffffffff, ABSOLUTE)

    Execution Region ER_RO (Exec base: 0x00000000, Load base: 0x00000000, Size: 0x00001538, Max: 0xffffffff, ABSOLUTE)

    Exec Addr    Load Addr    Size         Type   Attr      Idx    E Section Name        Object

    0x00000000   0x00000000   0x000000c0   Data   RO          263    RESET               startup_sn32f400.o
    0x000000c0   0x000000c0   0x00000008   Code   RO          293  * !!!main             c_p.l(__main.o)
    0x000000c8   0x000000c8   0x00000054   Code   RO          470    !!!scatter          c_p.l(__scatter.o)
    0x0000011c   0x0000011c   0x00000002   Code   RO          471    !!handler_null      c_p.l(__scatter.o)
    0x0000011e   0x0000011e   0x00000002   PAD
    0x00000120   0x00000120   0x0000001c   Code   RO          474    !!handler_zi        c_p.l(__scatter_zi.o)
    0x0000013c   0x0000013c   0x00000002   Code   RO          331    .ARM.Collect$$libinit$$00000000  c_p.l(libinit.o)
    0x0000013e   0x0000013e   0x00000000   Code   RO          345    .ARM.Collect$$libinit$$00000002  c_p.l(libinit2.o)
    0x0000013e   0x0000013e   0x00000000   Code   RO          347    .ARM.Collect$$libinit$$00000004  c_p.l(libinit2.o)
    0x0000013e   0x0000013e   0x00000000   Code   RO          349    .ARM.Collect$$libinit$$00000006  c_p.l(libinit2.o)
    0x0000013e   0x0000013e   0x00000000   Code   RO          352    .ARM.Collect$$libinit$$0000000C  c_p.l(libinit2.o)
    0x0000013e   0x0000013e   0x00000000   Code   RO          354    .ARM.Collect$$libinit$$0000000E  c_p.l(libinit2.o)
    0x0000013e   0x0000013e   0x00000000   Code   RO          356    .ARM.Collect$$libinit$$00000010  c_p.l(libinit2.o)
    0x0000013e   0x0000013e   0x00000000   Code   RO          359    .ARM.Collect$$libinit$$00000013  c_p.l(libinit2.o)
    0x0000013e   0x0000013e   0x00000000   Code   RO          361    .ARM.Collect$$libinit$$00000015  c_p.l(libinit2.o)
    0x0000013e   0x0000013e   0x00000000   Code   RO          363    .ARM.Collect$$libinit$$00000017  c_p.l(libinit2.o)
    0x0000013e   0x0000013e   0x00000000   Code   RO          365    .ARM.Collect$$libinit$$00000019  c_p.l(libinit2.o)
    0x0000013e   0x0000013e   0x00000000   Code   RO          367    .ARM.Collect$$libinit$$0000001B  c_p.l(libinit2.o)
    0x0000013e   0x0000013e   0x00000000   Code   RO          369    .ARM.Collect$$libinit$$0000001D  c_p.l(libinit2.o)
    0x0000013e   0x0000013e   0x00000000   Code   RO          371    .ARM.Collect$$libinit$$0000001F  c_p.l(libinit2.o)
    0x0000013e   0x0000013e   0x00000000   Code   RO          373    .ARM.Collect$$libinit$$00000021  c_p.l(libinit2.o)
    0x0000013e   0x0000013e   0x00000000   Code   RO          375    .ARM.Collect$$libinit$$00000023  c_p.l(libinit2.o)
    0x0000013e   0x0000013e   0x00000000   Code   RO          377    .ARM.Collect$$libinit$$00000025  c_p.l(libinit2.o)
    0x0000013e   0x0000013e   0x00000000   Code   RO          379    .ARM.Collect$$libinit$$00000027  c_p.l(libinit2.o)
    0x0000013e   0x0000013e   0x00000000   Code   RO          383    .ARM.Collect$$libinit$$0000002E  c_p.l(libinit2.o)
    0x0000013e   0x0000013e   0x00000000   Code   RO          385    .ARM.Collect$$libinit$$00000030  c_p.l(libinit2.o)
    0x0000013e   0x0000013e   0x00000000   Code   RO          387    .ARM.Collect$$libinit$$00000032  c_p.l(libinit2.o)
    0x0000013e   0x0000013e   0x00000000   Code   RO          389    .ARM.Collect$$libinit$$00000034  c_p.l(libinit2.o)
    0x0000013e   0x0000013e   0x00000002   Code   RO          390    .ARM.Collect$$libinit$$00000035  c_p.l(libinit2.o)
    0x00000140   0x00000140   0x00000002   Code   RO          425    .ARM.Collect$$libshutdown$$00000000  c_p.l(libshutdown.o)
    0x00000142   0x00000142   0x00000000   Code   RO          453    .ARM.Collect$$libshutdown$$00000002  c_p.l(libshutdown2.o)
    0x00000142   0x00000142   0x00000000   Code   RO          455    .ARM.Collect$$libshutdown$$00000004  c_p.l(libshutdown2.o)
    0x00000142   0x00000142   0x00000000   Code   RO          458    .ARM.Collect$$libshutdown$$00000007  c_p.l(libshutdown2.o)
    0x00000142   0x00000142   0x00000000   Code   RO          461    .ARM.Collect$$libshutdown$$0000000A  c_p.l(libshutdown2.o)
    0x00000142   0x00000142   0x00000000   Code   RO          463    .ARM.Collect$$libshutdown$$0000000C  c_p.l(libshutdown2.o)
    0x00000142   0x00000142   0x00000000   Code   RO          466    .ARM.Collect$$libshutdown$$0000000F  c_p.l(libshutdown2.o)
    0x00000142   0x00000142   0x00000002   Code   RO          467    .ARM.Collect$$libshutdown$$00000010  c_p.l(libshutdown2.o)
    0x00000144   0x00000144   0x00000000   Code   RO          295    .ARM.Collect$$rtentry$$00000000  c_p.l(__rtentry.o)
    0x00000144   0x00000144   0x00000000   Code   RO          301    .ARM.Collect$$rtentry$$00000002  c_p.l(__rtentry2.o)
    0x00000144   0x00000144   0x00000006   Code   RO          313    .ARM.Collect$$rtentry$$00000004  c_p.l(__rtentry4.o)
    0x0000014a   0x0000014a   0x00000000   Code   RO          303    .ARM.Collect$$rtentry$$00000009  c_p.l(__rtentry2.o)
    0x0000014a   0x0000014a   0x00000004   Code   RO          304    .ARM.Collect$$rtentry$$0000000A  c_p.l(__rtentry2.o)
    0x0000014e   0x0000014e   0x00000000   Code   RO          306    .ARM.Collect$$rtentry$$0000000C  c_p.l(__rtentry2.o)
    0x0000014e   0x0000014e   0x00000008   Code   RO          307    .ARM.Collect$$rtentry$$0000000D  c_p.l(__rtentry2.o)
    0x00000156   0x00000156   0x00000002   Code   RO          336    .ARM.Collect$$rtexit$$00000000  c_p.l(rtexit.o)
    0x00000158   0x00000158   0x00000000   Code   RO          396    .ARM.Collect$$rtexit$$00000002  c_p.l(rtexit2.o)
    0x00000158   0x00000158   0x00000004   Code   RO          397    .ARM.Collect$$rtexit$$00000003  c_p.l(rtexit2.o)
    0x0000015c   0x0000015c   0x00000006   Code   RO          398    .ARM.Collect$$rtexit$$00000004  c_p.l(rtexit2.o)
    0x00000162   0x00000162   0x00000002   PAD
    0x00000164   0x00000164   0x0000003c   Code   RO          265  * .text               startup_sn32f400.o
    0x000001a0   0x000001a0   0x0000016c   Code   RO          287    .text               c_p.l(aeabi_sdiv.o)
    0x0000030c   0x0000030c   0x00000006   Code   RO          291    .text               c_p.l(heapauxi.o)
    0x00000312   0x00000312   0x0000003e   Code   RO          317    .text               c_p.l(sys_stackheap_outer.o)
    0x00000350   0x00000350   0x00000010   Code   RO          320    .text               c_p.l(exit.o)
    0x00000360   0x00000360   0x00000008   Code   RO          332    .text               c_p.l(libspace.o)
    0x00000368   0x00000368   0x0000000c   Code   RO          391    .text               c_p.l(sys_exit.o)
    0x00000374   0x00000374   0x00000002   Code   RO          414    .text               c_p.l(use_no_semi.o)
    0x00000376   0x00000376   0x00000000   Code   RO          416    .text               c_p.l(indicate_semi.o)
    0x00000376   0x00000376   0x00000002   PAD
    0x00000378   0x00000378   0x0000001c   Code   RO          115    .text.CT16B0_IRQHandler  ct16b0.o
    0x00000394   0x00000394   0x00000058   Code   RO          117    .text.CT16B0_Init   ct16b0.o
    0x000003ec   0x000003ec   0x00000034   Code   RO          136    .text.CT16B1_IRQHandler  ct16b1.o
    0x00000420   0x00000420   0x00000050   Code   RO          138    .text.CT16B1_Init   ct16b1.o
    0x00000470   0x00000470   0x00000094   Code   RO          239    .text.Digital_Scan  segment.o
    0x00000504   0x00000504   0x0000005c   Code   RO           98    .text.GPIO_Init     gpio.o
    0x00000560   0x00000560   0x00000004   Code   RO           24    .text.HardFault_Handler  main.o
    0x00000564   0x00000564   0x0000000c   Code   RO          160    .text.I2C0_IRQHandler  i2c0.o
    0x00000570   0x00000570   0x00000030   Code   RO          162    .text.I2C0_Init     i2c0.o
    0x000005a0   0x000005a0   0x00000024   Code   RO          164    .text.I2C0_Start    i2c0.o
    0x000005c4   0x000005c4   0x00000024   Code   RO          166    .text.I2C0_Stop     i2c0.o
    0x000005e8   0x000005e8   0x00000054   Code   RO          170    .text.I2C_read_byte  i2c0.o
    0x0000063c   0x0000063c   0x00000054   Code   RO          168    .text.I2C_write_byte  i2c0.o
    0x00000690   0x00000690   0x0000013c   Code   RO          251    .text.KeyScan       keyscan.o
    0x000007cc   0x000007cc   0x0000000c   Code   RO          100    .text.P0_IRQHandler  gpio.o
    0x000007d8   0x000007d8   0x0000000c   Code   RO          102    .text.P1_IRQHandler  gpio.o
    0x000007e4   0x000007e4   0x0000000c   Code   RO          104    .text.P2_IRQHandler  gpio.o
    0x000007f0   0x000007f0   0x00000010   Code   RO          106    .text.P3_IRQHandler  gpio.o
    0x00000800   0x00000800   0x00000048   Code   RO           76    .text.PFPA_Init     pfpa.o
    0x00000848   0x00000848   0x0000003c   Code   RO           88    .text.SysTick_Handler  systick.o
    0x00000884   0x00000884   0x00000190   Code   RO          274    .text.SystemCoreClockUpdate  system_sn32f400.o
    0x00000a14   0x00000a14   0x00000048   Code   RO          276    .text.SystemInit    system_sn32f400.o
    0x00000a5c   0x00000a5c   0x00000028   Code   RO          181    .text.UT_DelayNms   utility.o
    0x00000a84   0x00000a84   0x00000020   Code   RO          179    .text.UT_DelayNx10us  utility.o
    0x00000aa4   0x00000aa4   0x00000018   Code   RO          190    .text.WDT_IRQHandler  wdt.o
    0x00000abc   0x00000abc   0x0000003c   Code   RO          192    .text.WDT_Init      wdt.o
    0x00000af8   0x00000af8   0x00000028   Code   RO          194    .text.WDT_ReloadValue  wdt.o
    0x00000b20   0x00000b20   0x0000002c   Code   RO          140    .text.__NVIC_EnableIRQ  ct16b1.o
    0x00000b4c   0x00000b4c   0x0000001c   Code   RO           26    .text.__NVIC_SystemReset  main.o
    0x00000b68   0x00000b68   0x00000018   Code   RO           32    .text.buzzer_beep   main.o
    0x00000b80   0x00000b80   0x00000024   Code   RO           30    .text.buzzer_off    main.o
    0x00000ba4   0x00000ba4   0x0000002c   Code   RO           50    .text.decrement_alarm_hour  main.o
    0x00000bd0   0x00000bd0   0x0000002c   Code   RO           52    .text.decrement_alarm_minute  main.o
    0x00000bfc   0x00000bfc   0x00000028   Code   RO           46    .text.decrement_hour  main.o
    0x00000c24   0x00000c24   0x00000028   Code   RO           48    .text.decrement_minute  main.o
    0x00000c4c   0x00000c4c   0x0000004c   Code   RO           28    .text.eeprom_load_alarm  main.o
    0x00000c98   0x00000c98   0x00000098   Code   RO          226    .text.eeprom_read   eeprom.o
    0x00000d30   0x00000d30   0x00000024   Code   RO           54    .text.eeprom_save_alarm  main.o
    0x00000d54   0x00000d54   0x00000074   Code   RO          224    .text.eeprom_write  eeprom.o
    0x00000dc8   0x00000dc8   0x000000b4   Code   RO           10    .text.handle_alarm  main.o
    0x00000e7c   0x00000e7c   0x00000028   Code   RO           18    .text.handle_blink  main.o
    0x00000ea4   0x00000ea4   0x0000003c   Code   RO           12    .text.handle_buzzer  main.o
    0x00000ee0   0x00000ee0   0x00000108   Code   RO            6    .text.handle_keys   main.o
    0x00000fe8   0x00000fe8   0x00000040   Code   RO           20    .text.handle_led_indicator  main.o
    0x00001028   0x00001028   0x0000003c   Code   RO           16    .text.handle_timeout  main.o
    0x00001064   0x00001064   0x0000002c   Code   RO           42    .text.increment_alarm_hour  main.o
    0x00001090   0x00001090   0x00000034   Code   RO           44    .text.increment_alarm_minute  main.o
    0x000010c4   0x000010c4   0x00000028   Code   RO           38    .text.increment_hour  main.o
    0x000010ec   0x000010ec   0x0000002c   Code   RO           40    .text.increment_minute  main.o
    0x00001118   0x00001118   0x00000068   Code   RO            2    .text.main          main.o
    0x00001180   0x00001180   0x00000058   Code   RO           36    .text.on_alarm_set_pressed  main.o
    0x000011d8   0x000011d8   0x0000003c   Code   RO           34    .text.on_setup_pressed  main.o
    0x00001214   0x00001214   0x00000054   Code   RO          215    .text.set_buzzer_pitch  buzzer.o
    0x00001268   0x00001268   0x00000030   Code   RO           58    .text.set_colon     main.o
    0x00001298   0x00001298   0x00000038   Code   RO           56    .text.set_segment_digit  main.o
    0x000012d0   0x000012d0   0x00000074   Code   RO            4    .text.system_init   main.o
    0x00001344   0x00001344   0x0000013c   Code   RO           14    .text.update_display  main.o
    0x00001480   0x00001480   0x0000007c   Code   RO            8    .text.update_time   main.o
    0x000014fc   0x000014fc   0x00000020   Data   RO          217    .rodata.musical_table  buzzer.o
    0x0000151c   0x0000151c   0x0000000a   Data   RO           67    .rodata.segment_map  main.o
    0x00001526   0x00001526   0x00000002   PAD
    0x00001528   0x00001528   0x00000010   Data   RO          469    Region$$Table       anon$$obj.o


    Execution Region ER_RW (Exec base: 0x20000000, Load base: 0x00001538, Size: 0x00000000, Max: 0xffffffff, ABSOLUTE)

    **** No section assigned to this execution region ****


    Execution Region ER_ZI (Exec base: 0x20000000, Load base: 0x00001538, Size: 0x00000298, Max: 0xffffffff, ABSOLUTE)

    Exec Addr    Load Addr    Size         Type   Attr      Idx    E Section Name        Object

    0x20000000        -       0x00000060   Zero   RW          333    .bss                c_p.l(libspace.o)
    0x20000060        -       0x00000004   Zero   RW           90    .bss.SysTick_Handler.i  systick.o
    0x20000064        -       0x00000004   Zero   RW          278    .bss.SystemCoreClock  system_sn32f400.o
    0x20000068        -       0x00000002   Zero   RW           60    .bss.alarm_time     main.o
    0x2000006a   0x00001538   0x00000002   PAD
    0x2000006c        -       0x00000004   Zero   RW           66    .bss.alarm_timer_ms  main.o
    0x20000070        -       0x00000002   Zero   RW           63    .bss.beep_timer     main.o
    0x20000072   0x00001538   0x00000002   PAD
    0x20000074        -       0x00000004   Zero   RW           62    .bss.blink_timer_ms  main.o
    0x20000078        -       0x00000001   Zero   RW          242    .bss.com_scan       segment.o
    0x20000079        -       0x00000003   Zero   RW           64    .bss.current_time   main.o
    0x2000007c        -       0x00000002   Zero   RW           65    .bss.fast_time_counter  main.o
    0x2000007e        -       0x00000001   Zero   RW          253    .bss.key_check      keyscan.o
    0x2000007f        -       0x00000001   Zero   RW          254    .bss.key_cvt        keyscan.o
    0x20000080        -       0x00000001   Zero   RW          255    .bss.key_debounce   keyscan.o
    0x20000081        -       0x00000004   Zero   RW          243    .bss.segment_buff   segment.o
    0x20000085   0x00001538   0x00000003   PAD
    0x20000088        -       0x00000008   Zero   RW           61    .bss.sys_state      main.o
    0x20000090        -       0x00000001   Zero   RW          152    .bss.timer_1ms_flag  ct16b1.o
    0x20000091   0x00001538   0x00000007   PAD
    0x20000098        -       0x00000000   Zero   RW          262    HEAP                startup_sn32f400.o
    0x20000098        -       0x00000200   Zero   RW          261    STACK               startup_sn32f400.o



  Load Region LR$$.ARM.__at_0x00007FFC (Base: 0x00007ffc, Size: 0x00000004, Max: 0x00000004, ABSOLUTE)

    Execution Region ER$$.ARM.__at_0x00007FFC (Exec base: 0x00007ffc, Load base: 0x00007ffc, Size: 0x00000004, Max: 0x00000004, ABSOLUTE, UNINIT)

    Exec Addr    Load Addr    Size         Type   Attr      Idx    E Section Name        Object

    0x00007ffc   0x00007ffc   0x00000004   Code   RO          264    .ARM.__at_0x00007FFC  startup_sn32f400.o


==============================================================================

Image component sizes


      Code (inc. data)   RO Data    RW Data    ZI Data      Debug   Object Name

        84         12         32          0          0       4618   buzzer.o
       116         28          0          0          0       7551   ct16b0.o
       176         32          0          0          1       7129   ct16b1.o
       268          0          0          0          0       1004   eeprom.o
       144         40          0          0          0      11289   gpio.o
       300         28          0          0          0       4681   i2c0.o
       316         40          0          0          3       6877   keyscan.o
      2132        168         10          0         25      17748   main.o
        72         32          0          0          0       1981   pfpa.o
       148         28          0          0          5       7008   segment.o
        64         32        192          0        512        828   startup_sn32f400.o
       472        112          0          0          4       3835   system_sn32f400.o
        60         12          0          0          4       4273   systick.o
        72          0          0          0          0       1290   utility.o
       124         24          0          0          0       3532   wdt.o

    ----------------------------------------------------------------------
      4548        588        252          0        568      83644   Object Totals
         0          0         16          0          0          0   (incl. Generated)
         0          0          2          0         14          0   (incl. Padding)

    ----------------------------------------------------------------------

      Code (inc. data)   RO Data    RW Data    ZI Data      Debug   Library Member Name

         8          0          0          0          0         68   __main.o
         0          0          0          0          0          0   __rtentry.o
        12          0          0          0          0          0   __rtentry2.o
         6          0          0          0          0          0   __rtentry4.o
        86         10          0          0          0          0   __scatter.o
        28          0          0          0          0          0   __scatter_zi.o
       364          4          0          0          0         92   aeabi_sdiv.o
        16          0          0          0          0         68   exit.o
         6          0          0          0          0        136   heapauxi.o
         0          0          0          0          0          0   indicate_semi.o
         2          0          0          0          0          0   libinit.o
         2          0          0          0          0          0   libinit2.o
         2          0          0          0          0          0   libshutdown.o
         2          0          0          0          0          0   libshutdown2.o
         8          4          0          0         96         68   libspace.o
         2          0          0          0          0          0   rtexit.o
        10          0          0          0          0          0   rtexit2.o
        12          4          0          0          0         60   sys_exit.o
        62          0          0          0          0         80   sys_stackheap_outer.o
         2          0          0          0          0         68   use_no_semi.o

    ----------------------------------------------------------------------
       636         22          0          0         96        640   Library Totals
         6          0          0          0          0          0   (incl. Padding)

    ----------------------------------------------------------------------

      Code (inc. data)   RO Data    RW Data    ZI Data      Debug   Library Name

       630         22          0          0         96        640   c_p.l

    ----------------------------------------------------------------------
       636         22          0          0         96        640   Library Totals

    ----------------------------------------------------------------------

==============================================================================


      Code (inc. data)   RO Data    RW Data    ZI Data      Debug   

      5184        610        252          0        664      83880   Grand Totals
      5184        610        252          0        664      83880   ELF Image Totals
      5184        610        252          0          0          0   ROM Totals

==============================================================================

    Total RO  Size (Code + RO Data)                 5436 (   5.31kB)
    Total RW  Size (RW Data + ZI Data)               664 (   0.65kB)
    Total ROM Size (Code + RO Data + RW Data)       5436 (   5.31kB)

==============================================================================

